       0.0 # cvsniff active pid=1535
     385.7 O fd=31 /dev/rfkill
     385.7 W rfkill len=8 00 00 00 00 02 03 01 00 
    3560.1 O fd=44 /dev/snd/controlC0
    3560.3 O fd=44 /dev/snd/controlC0
    3560.4 O fd=44 /dev/snd/controlC0
    3560.4 O fd=44 /dev/snd/controlC1
    3560.6 O fd=44 /dev/snd/controlC1
    3560.6 O fd=44 /dev/snd/controlC1
    3560.7 O fd=44 /dev/snd/controlC2
    3560.8 O fd=44 /dev/snd/controlC2
    3560.8 O fd=44 /dev/snd/controlC2
    3560.9 O fd=44 /dev/snd/controlC0
    3560.9 O fd=44 /dev/snd/controlC0
    3561.0 O fd=44 /dev/snd/controlC0
    3561.0 O fd=44 /dev/snd/controlC1
    3561.1 O fd=44 /dev/snd/controlC1
    3561.1 O fd=44 /dev/snd/controlC1
    3561.2 O fd=44 /dev/snd/controlC2
    3561.3 O fd=44 /dev/snd/controlC2
    3561.6 O fd=44 /dev/snd/controlC2
    3561.8 O fd=44 /dev/snd/controlC2
    3561.8 O fd=44 /dev/snd/controlC2
    3562.1 O fd=44 /dev/snd/controlC2
    3562.1 O fd=44 /dev/snd/controlC2
    3562.3 O fd=44 /dev/snd/controlC2
    3562.3 O fd=44 /dev/snd/controlC2
    6442.3 O fd=60 /dev/snd/controlC1
    6442.4 O fd=60 /dev/snd/controlC2
    6442.4 O fd=60 /dev/snd/controlC0
    6442.6 O fd=60 /dev/snd/controlC0
    6442.7 O fd=60 /dev/snd/controlC0
    6442.8 O fd=60 /dev/snd/controlC1
    6442.9 O fd=60 /dev/snd/controlC1
    6442.9 O fd=60 /dev/snd/controlC1
    6442.9 O fd=60 /dev/snd/controlC2
    6443.0 O fd=60 /dev/snd/controlC2
    6443.1 O fd=60 /dev/snd/controlC2
    6443.8 O fd=60 /dev/snd/controlC1
    6443.8 O fd=60 /dev/snd/controlC2
    6443.9 O fd=60 /dev/snd/controlC0
    6444.0 O fd=60 /dev/snd/controlC0
    6444.0 O fd=60 /dev/snd/controlC0
    6444.1 O fd=60 /dev/snd/controlC1
    6444.1 O fd=60 /dev/snd/controlC1
    6444.2 O fd=60 /dev/snd/controlC1
    6444.2 O fd=60 /dev/snd/controlC2
    6444.3 O fd=60 /dev/snd/controlC2
    6444.4 O fd=60 /dev/snd/controlC2
    6590.7 O fd=43 /dev/snd/controlC1
    6590.8 O fd=43 /dev/snd/controlC1
    6590.9 O fd=43 /dev/snd/controlC1
    6591.0 O fd=43 /dev/snd/controlC1
    6591.0 O fd=43 /dev/snd/controlC1
    6592.4 O fd=44 /dev/snd/controlC1
    6592.4 O fd=44 /dev/snd/controlC1
    6594.1 O fd=44 /dev/snd/controlC1
    6594.2 O fd=44 /dev/snd/controlC1
    6606.8 O fd=47 /dev/snd/midiC2D0
    6606.8 W snd/midiC2D0 len=6 f0 7e 00 06 01 f7 
    6622.2 W snd/midiC2D0 len=12 f0 47 00 3a 52 00 04 34 38 7a 00 f7 
    6625.2 W snd/midiC2D0 len=89 f0 47 7f 3a 62 00 01 65 f7 f0 47 7f 3a 64 00 03 00 01 01 f7 f0 47 7f 3a 64 00 03 01 01 01 f7 f0 47 7f 3a 64 00 03 02 00 00 f7 f0 47 7f 3a 64 00 03 03 00 00 f7 f0 47 7f 3a 63 00 03 00 00 00 f7 f0 47 7f 3a 63 00 03 01 00 00 f7 f0 47 7f 3a 41 00 00 f7 f0 7e 00 06 01 f7 
    6634.5 W snd/midiC2D0 len=80 f0 47 7f 3a 5a 00 20 00 00 02 09 00 00 04 03 00 00 00 01 02 0a 03 0f 00 00 00 01 00 00 00 00 00 00 00 01 00 00 00 00 f7 f0 47 7f 3a 5a 00 20 00 00 02 09 00 00 04 03 00 00 00 01 02 0a 03 0f 00 00 00 01 00 00 00 00 00 00 00 01 00 00 00 00 f7 
    6962.2 W snd/midiC2D0 len=105 f0 47 7f 3a 0a 00 07 00 00 03 00 7f 00 00 f7 f0 47 7f 3a 0a 00 07 01 00 03 00 7f 00 00 f7 f0 47 7f 3a 0a 00 07 02 00 03 00 7f 00 00 f7 f0 47 7f 3a 0a 00 07 03 00 03 00 7f 00 00 f7 f0 47 7f 3a 0a 00 07 04 00 03 00 7f 00 00 f7 f0 47 7f 3a 0a 00 07 05 00 03 00 7f 00 00 f7 f0 47 7f 3a 0a 00 07 06 00 03 00 7f 00 00 f7 
    6965.2 W snd/midiC2D0 len=150 f0 47 7f 3a 0a 00 07 07 00 03 00 7f 00 00 f7 f0 47 7f 3a 0a 00 07 08 00 03 00 7f 00 00 f7 f0 47 7f 3a 0a 00 07 09 00 03 00 7f 00 00 f7 f0 47 7f 3a 0a 00 07 0a 00 03 00 7f 00 00 f7 f0 47 7f 3a 0a 00 07 0b 00 03 00 7f 00 00 f7 f0 47 7f 3a 0a 00 07 0c 00 03 00 7f 00 00 f7 f0 47 7f 3a 0a 00 07 0d 00 03 00 7f 00 00 f7 f0 47 7f 3a 0a 00 07 0e 00 03 00 7f 00 00 f7 f0 47 7f 3a 0a 00 07 0f 00 03 00 7f.
    6974.2 O fd=46 /dev/snd/midiC2D0
    6974.2 W snd/midiC2D0 len=3 b0 35 00 
    7328.1 W snd/midiC2D0 len=3 b0 35 03 
    7566.1 W snd/midiC2D0 len=12 f0 47 00 3a 52 00 04 34 38 7a 00 f7 
    7679.1 W snd/midiC2D0 len=3 b0 35 00 
    8033.1 W snd/midiC2D0 len=3 b0 35 03 
    8384.0 W snd/midiC2D0 len=3 b0 35 00 
    8692.5 W snd/midiC2D0 len=192 f0 47 7f 3a 65 00 04 00 00 00 00 f7 f0 47 7f 3a 65 00 04 01 00 00 00 f7 f0 47 7f 3a 65 00 04 02 00 00 00 f7 f0 47 7f 3a 65 00 04 03 00 00 00 f7 f0 47 7f 3a 65 00 04 04 00 00 00 f7 f0 47 7f 3a 65 00 04 05 00 00 00 f7 f0 47 7f 3a 65 00 04 06 00 00 00 f7 f0 47 7f 3a 65 00 04 07 00 00 00 f7 f0 47 7f 3a 65 00 04 08 00 00 00 f7 f0 47 7f 3a 65 00 04 09 00 00 00 f7 f0 47 7f 3a 65 00 04 0a 00 00 00 f7.
    8692.7 W snd/midiC2D0 len=189 b0 02 00 b0 03 00 b0 05 00 b0 06 00 b0 08 00 b0 73 00 b0 74 00 b0 23 03 b0 24 00 b0 25 00 b0 26 00 b0 27 00 b0 28 00 b0 2a 00 b0 2b 00 b0 2c 00 b0 2d 00 b0 2e 03 b0 2f 00 b0 30 00 b0 49 00 b0 50 00 b0 51 03 b0 52 00 b0 53 00 b0 34 03 b0 43 00 b0 7a 00 b0 31 00 b0 35 00 b0 36 00 b0 37 00 b0 33 00 b0 70 00 b0 71 00 b0 00 00 b0 5a 00 b0 5b 00 b0 5c 00 b0 5d 00 b0 0b 00 b0 09 00 b0 75 00 b0 76 00.
    8738.2 W snd/midiC2D0 len=3 b0 35 03 
    9092.1 W snd/midiC2D0 len=3 b0 35 00 
    9261.2 W snd/midiC2D0 len=3 b0 35 03 
    9319.2 W snd/midiC2D0 len=3 b0 35 04 
    9371.2 W snd/midiC2D0 len=6 b0 71 03 b0 4b 04 
    9377.2 W snd/midiC2D0 len=192 f0 47 7f 3a 65 00 04 00 00 00 00 f7 f0 47 7f 3a 65 00 04 01 00 00 00 f7 f0 47 7f 3a 65 00 04 02 00 00 00 f7 f0 47 7f 3a 65 00 04 03 00 00 00 f7 f0 47 7f 3a 65 00 04 04 00 00 00 f7 f0 47 7f 3a 65 00 04 05 00 00 00 f7 f0 47 7f 3a 65 00 04 06 00 00 00 f7 f0 47 7f 3a 65 00 04 07 00 00 00 f7 f0 47 7f 3a 65 00 04 08 00 00 00 f7 f0 47 7f 3a 65 00 04 09 00 00 00 f7 f0 47 7f 3a 65 00 04 0a 00 00 00 f7.
    9615.1 W snd/midiC2D0 len=3 b0 35 00 
    9627.3 W snd/midiC2D0 len=3 b0 4a 03 
    9740.8 O fd=64 /dev/snd/controlC1
    9740.9 O fd=64 /dev/snd/controlC2
    9740.9 O fd=64 /dev/snd/controlC0
    9741.0 O fd=64 /dev/snd/controlC0
    9741.1 O fd=64 /dev/snd/controlC0
    9741.1 O fd=64 /dev/snd/controlC1
    9741.2 O fd=64 /dev/snd/controlC1
    9741.3 O fd=64 /dev/snd/controlC1
    9741.3 O fd=64 /dev/snd/controlC2
    9741.4 O fd=64 /dev/snd/controlC2
    9741.4 O fd=64 /dev/snd/controlC2
    9815.0 W snd/midiC2D0 len=388 f0 47 7f 3a 0b 02 7c 0c 00 03 16 67 18 12 09 04 44 20 01 78 24 12 09 00 40 03 60 08 44 02 1e 00 07 60 00 00 00 3e 00 0f 42 21 10 48 04 00 1f 02 02 02 01 78 00 3c 01 00 40 20 20 00 7c 12 09 04 40 20 00 00 00 00 00 00 00 20 11 78 04 02 00 0f 42 21 10 48 04 00 1f 01 03 00 21 78 00 3e 09 04 42 20 60 00 78 02 01 00 47 40 04 02 01 00 40 10 00 0c 05 02 41 20 50 00 08 08 04 01 41 20 10 18 14 0a 04 01.
    9818.1 W snd/midiC2D0 len=416 f0 47 7f 3a 0b 03 18 0d 00 03 13 6a 18 12 09 04 44 20 01 78 24 12 09 00 40 03 60 08 44 02 1e 00 07 60 00 00 00 3e 00 0f 42 21 10 48 04 00 1f 02 02 02 01 78 00 3c 01 00 40 20 20 00 7c 12 09 04 40 20 00 00 00 00 00 00 07 60 00 00 00 00 00 0f 42 21 10 48 04 00 1f 02 02 02 01 78 00 3c 01 04 42 23 20 00 04 02 1f 00 40 20 01 78 20 10 08 0f 40 08 04 02 01 00 20 00 18 08 04 02 01 00 00 10 10 08 02 02.
    9847.5 W snd/midiC2D0 len=384 f0 47 7f 3a 65 00 04 00 00 00 00 f7 f0 47 7f 3a 65 00 04 01 00 00 00 f7 f0 47 7f 3a 65 00 04 02 00 00 00 f7 f0 47 7f 3a 65 00 04 03 00 00 00 f7 f0 47 7f 3a 65 00 04 04 00 00 00 f7 f0 47 7f 3a 65 00 04 05 00 00 00 f7 f0 47 7f 3a 65 00 04 06 00 00 00 f7 f0 47 7f 3a 65 00 04 07 00 00 00 f7 f0 47 7f 3a 65 00 04 08 00 00 00 f7 f0 47 7f 3a 65 00 04 09 00 00 00 f7 f0 47 7f 3a 65 00 04 0a 00 00 00 f7.
    9847.7 W snd/midiC2D0 len=378 b0 02 00 b0 03 00 b0 05 00 b0 06 00 b0 08 00 b0 73 00 b0 74 00 b0 23 03 b0 24 00 b0 25 00 b0 26 00 b0 27 00 b0 28 00 b0 2a 00 b0 2b 00 b0 2c 00 b0 2d 00 b0 2e 03 b0 2f 00 b0 30 00 b0 49 00 b0 50 00 b0 51 03 b0 52 00 b0 53 00 b0 34 03 b0 43 00 b0 7a 00 b0 31 00 b0 35 00 b0 36 00 b0 37 00 b0 33 00 b0 70 00 b0 71 03 b0 00 00 b0 5a 00 b0 5b 00 b0 5c 00 b0 5d 00 b0 0b 00 b0 09 00 b0 75 00 b0 76 00.
   11162.8 W snd/midiC2D0 len=69 f0 47 7f 3a 66 00 01 32 f7 f0 47 7f 3a 67 00 01 14 f7 f0 47 7f 3a 68 00 01 14 f7 f0 47 7f 3a 69 00 01 14 f7 f0 47 7f 3a 6a 00 03 00 00 00 f7 f0 47 7f 3a 6a 00 03 01 00 00 f7 f0 47 7f 3a 6a 00 03 02 01 00 f7 
   11249.7 W snd/midiC2D0 len=599 f0 47 7f 3a 0b 04 4f 10 00 03 00 7f 7f 7f 7f 7f 7f 7f 7f 7f 7f 7f 7f 7f 7f 7f 7f 7f 7f 7f 7f 7f 7f 7f 7f 7f 7f 7f 7f 7f 7f 7f 7f 7f 7f 7f 7f 7f 7f 7f 7f 7f 7f 7f 7f 7f 7f 7f 7f 7f 7f 7f 7f 7f 7f 7f 7f 7f 7d 7e 60 3f 5f 6f 7e 03 6d 66 6b 3e 3f 7c 0f 5b 6d 76 60 7f 78 1f 77 7b 7d 5d 7f 70 1e 7e 5e 77 7d 7f 7f 7f 7f 7f 7f 7f 7f 7f 7f 7f 7f 7f 7f 7f 7f 7f 7f 7f 7f 7f 7f 7f 7f 7f 7f 7f 7f 7f 7f 7f.
   11266.1 W snd/midiC2D0 len=15 f0 47 7f 3a 0a 00 07 0c 00 03 00 7f 00 00 f7 
   11281.1 W snd/midiC2D0 len=15 f0 47 7f 3a 0a 00 07 0d 00 03 00 7f 00 00 f7 
   11345.2 W snd/midiC2D0 len=9 b0 71 00 b0 4a 00 b0 4b 00 
   11565.3 W snd/midiC2D0 len=12 f0 47 00 3a 52 00 04 34 38 7a 00 f7 
   13684.1 W snd/midiC2D0 len=6 b0 71 03 b0 4b 04 
   13887.2 W snd/midiC2D0 len=3 b0 4a 03 
   14497.2 W snd/midiC2D0 len=3 b0 35 03 
   14552.7 W snd/midiC2D0 len=521 f0 47 7f 3a 0b 04 01 0e 00 03 08 76 18 12 09 04 44 20 01 78 24 12 09 00 40 03 60 08 44 02 1e 00 07 60 00 00 00 3e 00 0f 42 21 10 48 04 00 1f 02 02 02 01 78 00 3c 01 00 40 20 20 00 7c 12 09 04 40 20 00 00 00 00 00 00 07 60 00 00 00 00 00 0f 00 20 10 08 78 00 1e 00 40 20 11 70 00 3e 09 04 42 20 60 00 00 00 00 00 00 00 60 48 24 12 11 00 00 20 11 78 04 02 00 0f 02 21 10 48 78 00 1f 04 46 21 10 30.
   14596.2 W snd/midiC2D0 len=466 f0 47 7f 3a 0b 03 4a 0f 00 03 0e 70 18 12 09 04 44 20 01 78 24 12 09 00 40 03 60 08 44 02 1e 00 07 60 00 00 00 3e 00 0f 42 21 10 48 04 00 1f 02 02 02 01 78 00 3c 01 00 40 20 20 00 7c 12 09 04 40 20 00 00 00 00 00 00 07 60 00 00 00 00 00 0f 00 20 10 08 78 00 1e 00 40 20 11 70 00 3e 09 04 42 20 60 00 00 00 00 00 00 03 70 48 24 12 01 00 07 60 40 40 40 3e 00 0f 40 20 10 08 78 00 40 20 10 08 02 00.
   14609.6 W snd/midiC2D0 len=599 f0 47 7f 3a 0b 04 4f 00 00 03 00 7f 00 00 00 00 00 00 00 00 00 00 00 00 00 00 00 00 00 00 00 00 00 00 00 00 00 00 00 00 00 00 00 00 00 00 00 08 04 02 01 00 40 00 10 08 04 02 00 00 00 00 10 08 04 00 00 00 00 20 10 08 00 00 01 00 00 00 00 08 00 00 00 00 00 00 00 08 00 00 00 00 00 00 10 08 04 02 01 00 00 20 00 00 00 02 00 00 40 20 10 08 04 00 01 00 00 00 00 00 00 00 00 00 00 00 00 00 00 00 00 00.
   14643.3 W snd/midiC2D0 len=599 f0 47 7f 3a 0b 04 4f 01 00 03 00 7f 00 00 00 00 00 00 00 00 00 00 00 00 00 00 00 00 00 00 00 00 00 00 00 00 00 00 00 00 00 00 00 00 00 00 00 00 00 00 00 00 00 00 00 00 00 02 01 00 40 20 00 00 04 00 00 00 00 00 00 00 04 02 01 00 00 00 10 00 00 00 01 00 00 20 00 00 00 02 00 00 40 20 10 08 04 00 00 00 40 20 10 00 00 02 01 00 40 20 00 00 00 00 00 00 00 00 00 00 00 00 00 00 00 00 00 00 00 00 00 00.
   14659.4 W snd/midiC2D0 len=443 f0 47 7f 3a 0b 03 33 02 00 03 10 6d 7c 04 0c 01 07 60 01 78 24 12 09 00 40 00 10 08 7c 02 01 00 07 61 11 48 24 0c 00 0f 00 20 10 08 78 00 1f 02 02 02 01 78 00 3c 01 00 40 23 60 00 7c 04 0c 01 07 60 01 78 24 12 09 00 40 00 00 00 00 00 00 0f 42 21 10 48 04 00 1f 02 02 02 01 78 00 3c 09 04 42 23 60 00 7c 12 09 04 45 40 01 78 00 00 00 00 00 03 70 48 24 12 01 00 18 00 00 00 01 40 00 30 10 08 04 02.
   14692.3 W snd/midiC2D0 len=599 f0 47 7f 3a 0b 04 4f 03 00 03 00 7f 00 00 00 00 00 00 00 00 00 00 00 00 00 00 00 00 00 00 00 00 00 02 00 00 00 00 10 00 04 02 01 00 40 20 00 08 04 02 01 00 40 00 10 08 04 02 00 00 00 00 10 08 04 00 00 00 40 00 00 00 04 00 00 00 40 20 10 00 00 02 00 00 00 00 10 00 04 02 01 00 40 20 00 00 00 00 00 00 00 20 00 00 00 00 00 00 40 20 10 08 04 00 01 00 00 00 00 08 00 02 01 00 40 20 10 00 04 00 00 00.
   14700.1 W snd/midiC2D0 len=324 f0 47 7f 3a 0b 02 3c 04 00 03 1d 60 04 02 1f 00 40 20 00 08 7c 02 00 0f 40 41 40 10 7c 00 1f 04 42 21 10 08 00 00 00 00 00 00 01 78 04 02 01 0f 00 00 11 78 04 00 0f 08 00 02 00 78 00 02 1f 00 40 00 60 48 24 12 11 00 00 23 70 08 00 3c 01 00 40 23 60 00 7c 08 08 08 07 60 00 00 01 40 00 00 00 08 06 02 00 00 60 00 00 00 06 00 01 40 40 20 10 08 00 00 40 20 00 00 00 0c 04 02 01 20 30 00 10 0c 04 00.
   14725.9 W snd/midiC2D0 len=599 f0 47 7f 3a 0b 04 4f 05 00 03 00 7f 00 00 00 00 00 00 00 00 00 00 00 00 00 00 00 00 00 00 00 00 00 00 00 00 00 00 00 00 00 00 00 00 00 00 00 00 00 00 00 00 00 00 00 00 00 00 00 00 00 00 00 00 00 00 00 00 00 00 10 08 04 02 00 00 40 00 00 00 04 00 01 00 40 20 00 08 00 00 00 00 40 00 00 08 04 02 00 00 00 00 00 00 00 00 00 00 00 00 00 00 00 00 00 00 00 00 00 00 00 00 00 00 00 00 00 00 00 00 00 00.
   14747.3 W snd/midiC2D0 len=324 f0 47 7f 3a 0b 02 3c 06 00 03 1d 60 04 02 1f 00 40 20 00 08 7c 02 00 0f 40 41 40 10 7c 00 1f 04 42 21 10 08 00 00 00 00 00 00 01 70 04 02 01 01 00 03 60 08 04 02 1e 00 07 61 11 48 24 0c 00 0f 42 23 10 48 18 00 1f 04 42 21 10 08 00 3c 01 00 40 20 20 00 04 02 1f 00 40 20 00 00 01 40 00 00 00 08 06 02 00 00 60 00 00 00 06 00 01 40 40 20 10 08 00 00 00 00 00 08 04 06 05 02 41 00 20 00 08 08 05 02.
   14775.1 W snd/midiC2D0 len=599 f0 47 7f 3a 0b 04 4f 07 00 03 00 7f 00 00 00 08 04 02 01 00 40 00 10 08 04 00 01 00 00 00 00 08 00 02 01 00 40 20 10 00 00 00 00 00 00 00 00 08 04 02 00 00 00 00 10 08 04 00 00 00 40 20 10 08 00 00 01 00 40 20 10 00 00 02 01 00 40 20 10 00 00 02 01 00 40 00 00 08 04 02 01 00 40 00 00 00 00 00 00 00 00 20 10 08 04 00 01 00 40 20 10 08 00 02 01 00 40 20 00 00 04 02 01 00 40 20 00 08 00 00 00 00.
   14787.1 W snd/midiC2D0 len=361 f0 47 7f 3a 0b 02 61 08 00 03 19 64 78 02 01 00 40 40 01 78 00 00 00 0f 40 03 70 48 64 12 06 00 07 61 11 48 24 0c 00 0f 42 21 10 48 04 00 1f 02 02 02 01 78 00 02 01 0f 40 20 10 00 00 00 00 00 00 00 10 08 7c 02 01 00 07 61 11 48 24 0c 00 0f 02 21 10 48 78 00 1e 00 40 20 10 10 00 3e 08 0a 00 40 10 01 01 20 50 28 0c 02 03 02 41 00 40 10 00 0c 00 00 00 40 40 00 18 00 00 01 01 00 00 30 10 08 04 02.
   14808.2 W snd/midiC2D0 len=196 f0 47 7f 3a 0b 01 3c 09 00 03 2b 52 7c 12 19 04 41 40 01 78 24 12 09 00 40 03 60 08 04 02 02 00 00 00 00 00 00 00 1e 04 42 21 11 70 00 3e 09 0c 42 20 60 00 7c 04 0c 01 07 60 06 00 00 00 20 20 00 0c 04 02 01 00 40 08 0c 0a 05 02 40 40 00 00 00 00 01 00 41 40 00 00 00 0c 00 03 40 20 00 10 10 00 06 00 00 00 00 30 00 00 00 00 00 00 00 00 00 03 79 7f 01 40 20 10 08 04 02 03 7f 7f 00 00 07 7f 7e 07.
   14825.7 W snd/midiC2D0 len=599 f0 47 7f 3a 0b 04 4f 0a 00 03 00 7f 00 00 00 00 00 00 00 00 00 00 00 00 00 00 00 00 00 00 00 00 00 00 00 00 00 00 10 08 04 02 01 00 00 20 10 08 04 00 00 00 00 20 10 08 00 00 00 00 40 20 10 00 00 02 00 00 00 00 10 00 00 00 00 00 00 00 10 00 00 00 01 00 00 20 10 08 04 02 00 00 40 00 00 00 00 00 00 00 40 20 10 00 00 00 01 00 40 20 00 00 04 02 01 00 00 20 10 08 04 02 00 00 40 00 00 00 04 00 00 00.
   14848.1 W snd/midiC2D0 len=416 f0 47 7f 3a 0b 03 18 0b 00 03 13 6a 04 02 1f 00 40 20 01 78 24 32 09 03 00 03 60 48 24 12 1e 00 07 40 10 08 04 04 00 0f 42 02 40 10 04 00 00 00 00 00 00 00 04 02 1f 00 40 20 01 78 24 32 09 03 00 03 60 48 24 12 1e 00 07 60 40 40 40 3e 00 03 02 21 10 48 44 00 1f 04 42 21 10 30 00 3c 01 00 40 23 60 00 18 12 09 04 44 20 01 78 24 12 09 00 40 00 00 03 00 00 00 00 18 00 00 01 01 00 00 30 00 00 00 03.
   14851.2 W snd/midiC2D0 len=3 b0 35 00 
   14877.1 W snd/midiC2D0 len=388 f0 47 7f 3a 0b 02 7c 0c 00 03 16 67 18 12 09 04 44 20 01 78 24 12 09 00 40 03 60 08 44 02 1e 00 07 60 00 00 00 3e 00 0f 42 21 10 48 04 00 1f 02 02 02 01 78 00 3c 01 00 40 20 20 00 7c 12 09 04 40 20 00 00 00 00 00 00 00 20 11 78 04 02 00 0f 42 21 10 48 04 00 1f 01 03 00 21 78 00 3e 09 04 42 20 60 00 78 02 01 00 47 40 04 02 01 00 40 10 00 0c 05 02 41 20 50 00 08 08 04 01 41 20 10 18 14 0a 04 01.
   14886.2 W snd/midiC2D0 len=416 f0 47 7f 3a 0b 03 18 0d 00 03 13 6a 18 12 09 04 44 20 01 78 24 12 09 00 40 03 60 08 44 02 1e 00 07 60 00 00 00 3e 00 0f 42 21 10 48 04 00 1f 02 02 02 01 78 00 3c 01 00 40 20 20 00 7c 12 09 04 40 20 00 00 00 00 00 00 07 60 00 00 00 00 00 0f 42 21 10 48 04 00 1f 02 02 02 01 78 00 3c 01 04 42 23 20 00 04 02 1f 00 40 20 01 78 20 10 08 0f 40 08 04 02 01 00 20 00 18 08 04 02 01 00 00 10 10 08 02 02.
   15205.2 W snd/midiC2D0 len=3 b0 35 03 
   15556.2 W snd/midiC2D0 len=3 b0 35 00 
   15565.2 W snd/midiC2D0 len=12 f0 47 00 3a 52 00 04 34 38 7a 00 f7 
   15910.2 W snd/midiC2D0 len=3 b0 35 03 
   16262.2 W snd/midiC2D0 len=3 b0 35 00 
   16616.2 W snd/midiC2D0 len=3 b0 35 03 
   16970.2 W snd/midiC2D0 len=3 b0 35 00 
   17321.1 W snd/midiC2D0 len=3 b0 35 03 
   17675.1 W snd/midiC2D0 len=3 b0 35 00 
   18026.2 W snd/midiC2D0 len=3 b0 35 03 
   18381.2 W snd/midiC2D0 len=3 b0 35 00 
   18735.2 W snd/midiC2D0 len=3 b0 35 03 
   19086.2 W snd/midiC2D0 len=3 b0 35 00 
   19440.2 W snd/midiC2D0 len=3 b0 35 03 
   19565.2 W snd/midiC2D0 len=12 f0 47 00 3a 52 00 04 34 38 7a 00 f7 
   19791.1 W snd/midiC2D0 len=3 b0 35 00 
   20145.1 W snd/midiC2D0 len=3 b0 35 03 
   20499.2 W snd/midiC2D0 len=3 b0 35 00 
   20851.2 W snd/midiC2D0 len=3 b0 35 03 
   21205.2 W snd/midiC2D0 len=3 b0 35 00 
   21556.2 W snd/midiC2D0 len=3 b0 35 03 
   21910.2 W snd/midiC2D0 len=3 b0 35 00 
   22264.2 W snd/midiC2D0 len=3 b0 35 03 
   22615.2 W snd/midiC2D0 len=3 b0 35 00 
   22969.2 W snd/midiC2D0 len=3 b0 35 03 
   23321.2 W snd/midiC2D0 len=3 b0 35 00 
   23564.3 W snd/midiC2D0 len=12 f0 47 00 3a 52 00 04 34 38 7a 00 f7 
   23675.2 W snd/midiC2D0 len=3 b0 35 03 
   24029.2 W snd/midiC2D0 len=3 b0 35 00 
   24380.2 W snd/midiC2D0 len=3 b0 35 03 
   24734.1 W snd/midiC2D0 len=3 b0 35 00 
   25085.2 W snd/midiC2D0 len=3 b0 35 03 
   25440.2 W snd/midiC2D0 len=3 b0 35 00 
   25794.3 W snd/midiC2D0 len=3 b0 35 03 
   26145.2 W snd/midiC2D0 len=3 b0 35 00 
   26499.2 W snd/midiC2D0 len=3 b0 35 03 
   26850.1 W snd/midiC2D0 len=3 b0 35 00 
   27204.1 W snd/midiC2D0 len=3 b0 35 03 
   27558.3 W snd/midiC2D0 len=3 b0 35 00 
   27564.1 W snd/midiC2D0 len=12 f0 47 00 3a 52 00 04 34 38 7a 00 f7 
   27910.3 W snd/midiC2D0 len=3 b0 35 03 
   28264.3 W snd/midiC2D0 len=3 b0 35 00 
   28615.3 W snd/midiC2D0 len=3 b0 35 03 
   28969.3 W snd/midiC2D0 len=3 b0 35 00 
   29323.1 W snd/midiC2D0 len=3 b0 35 03 
   29674.2 W snd/midiC2D0 len=3 b0 35 00 
   30028.3 W snd/midiC2D0 len=3 b0 35 03 
   30380.3 W snd/midiC2D0 len=3 b0 35 00 
   30734.3 W snd/midiC2D0 len=3 b0 35 03 
   31088.3 W snd/midiC2D0 len=3 b0 35 00 
   31439.3 W snd/midiC2D0 len=3 b0 35 03 
   31564.3 W snd/midiC2D0 len=12 f0 47 00 3a 52 00 04 34 38 7a 00 f7 
   31793.2 W snd/midiC2D0 len=3 b0 35 00 
   32144.3 W snd/midiC2D0 len=3 b0 35 03 
   32498.3 W snd/midiC2D0 len=3 b0 35 00 
   32853.3 W snd/midiC2D0 len=3 b0 35 03 
   33204.3 W snd/midiC2D0 len=3 b0 35 00 
   33558.3 W snd/midiC2D0 len=3 b0 35 03 
   33909.2 W snd/midiC2D0 len=3 b0 35 00 
   34263.2 W snd/midiC2D0 len=3 b0 35 03 
   34617.2 W snd/midiC2D0 len=3 b0 35 00 
   34969.3 W snd/midiC2D0 len=3 b0 35 03 
   35323.4 W snd/midiC2D0 len=3 b0 35 00 
   35564.3 W snd/midiC2D0 len=12 f0 47 00 3a 52 00 04 34 38 7a 00 f7 
   35674.3 W snd/midiC2D0 len=3 b0 35 03 
   36028.3 W snd/midiC2D0 len=3 b0 35 00 
   36382.3 W snd/midiC2D0 len=3 b0 35 03 
   36733.2 W snd/midiC2D0 len=3 b0 35 00 
   37087.3 W snd/midiC2D0 len=3 b0 35 03 
   37439.3 W snd/midiC2D0 len=3 b0 35 00 
   37793.3 W snd/midiC2D0 len=3 b0 35 03 
   38147.3 W snd/midiC2D0 len=3 b0 35 00 
   38498.3 W snd/midiC2D0 len=3 b0 35 03 
   38852.2 W snd/midiC2D0 len=3 b0 35 00 
   39203.2 W snd/midiC2D0 len=3 b0 35 03 
   39557.3 W snd/midiC2D0 len=3 b0 35 00 
   39566.2 W snd/midiC2D0 len=12 f0 47 00 3a 52 00 04 34 38 7a 00 f7 
   39912.3 W snd/midiC2D0 len=3 b0 35 03 
   40263.3 W snd/midiC2D0 len=3 b0 35 00 
   40617.3 W snd/midiC2D0 len=3 b0 35 03 
   40968.3 W snd/midiC2D0 len=3 b0 35 00 
   41322.2 W snd/midiC2D0 len=3 b0 35 03 
   41676.2 W snd/midiC2D0 len=3 b0 35 00 
   42027.3 W snd/midiC2D0 len=3 b0 35 03 
   42382.4 W snd/midiC2D0 len=3 b0 35 00 
   42733.3 W snd/midiC2D0 len=3 b0 35 03 
   43087.4 W snd/midiC2D0 len=3 b0 35 00 
   43441.3 W snd/midiC2D0 len=3 b0 35 03 
   43563.3 W snd/midiC2D0 len=12 f0 47 00 3a 52 00 04 34 38 7a 00 f7 
   43792.2 W snd/midiC2D0 len=3 b0 35 00 
   44146.2 W snd/midiC2D0 len=3 b0 35 03 
   44498.3 W snd/midiC2D0 len=3 b0 35 00 
   44852.3 W snd/midiC2D0 len=3 b0 35 03 
   45206.3 W snd/midiC2D0 len=3 b0 35 00 
   45557.4 W snd/midiC2D0 len=3 b0 35 03 
   45911.3 W snd/midiC2D0 len=3 b0 35 00 
   46262.2 W snd/midiC2D0 len=3 b0 35 03 
   46616.3 W snd/midiC2D0 len=3 b0 35 00 
   46971.4 W snd/midiC2D0 len=3 b0 35 03 
   47322.4 W snd/midiC2D0 len=3 b0 35 00 
   47566.3 W snd/midiC2D0 len=12 f0 47 00 3a 52 00 04 34 38 7a 00 f7 
   47676.5 W snd/midiC2D0 len=3 b0 35 03 
   48027.4 W snd/midiC2D0 len=3 b0 35 00 
   48381.2 W snd/midiC2D0 len=3 b0 35 03 
   48735.2 W snd/midiC2D0 len=3 b0 35 00 
   49086.4 W snd/midiC2D0 len=3 b0 35 03 
   49441.4 W snd/midiC2D0 len=3 b0 35 00 
   49792.4 W snd/midiC2D0 len=3 b0 35 03 
   50146.4 W snd/midiC2D0 len=3 b0 35 00 
   50500.4 W snd/midiC2D0 len=3 b0 35 03 
   50851.2 W snd/midiC2D0 len=3 b0 35 00 
   51205.3 W snd/midiC2D0 len=3 b0 35 03 
   51557.4 W snd/midiC2D0 len=3 b0 35 00 
   51565.2 W snd/midiC2D0 len=12 f0 47 00 3a 52 00 04 34 38 7a 00 f7 
   51911.4 W snd/midiC2D0 len=3 b0 35 03 
   52265.4 W snd/midiC2D0 len=3 b0 35 00 
   52616.4 W snd/midiC2D0 len=3 b0 35 03 
   52970.4 W snd/midiC2D0 len=3 b0 35 00 
   53321.2 W snd/midiC2D0 len=3 b0 35 03 
   53675.4 W snd/midiC2D0 len=3 b0 35 00 
   54029.4 W snd/midiC2D0 len=3 b0 35 03 
   54381.5 W snd/midiC2D0 len=3 b0 35 00 
   54735.4 W snd/midiC2D0 len=3 b0 35 03 
   55086.4 W snd/midiC2D0 len=3 b0 35 00 
   55440.2 W snd/midiC2D0 len=3 b0 35 03 
   55565.4 W snd/midiC2D0 len=12 f0 47 00 3a 52 00 04 34 38 7a 00 f7 
   55794.3 W snd/midiC2D0 len=3 b0 35 00 
   56145.4 W snd/midiC2D0 len=3 b0 35 03 
   56500.4 W snd/midiC2D0 len=3 b0 35 00 
   56851.4 W snd/midiC2D0 len=3 b0 35 03 
   57205.4 W snd/midiC2D0 len=3 b0 35 00 
   57559.4 W snd/midiC2D0 len=3 b0 35 03 
   57910.2 W snd/midiC2D0 len=3 b0 35 00 
   58264.3 W snd/midiC2D0 len=3 b0 35 03 
   58615.4 W snd/midiC2D0 len=3 b0 35 00 
   58970.4 W snd/midiC2D0 len=3 b0 35 03 
   59324.4 W snd/midiC2D0 len=3 b0 35 00 
   59565.4 W snd/midiC2D0 len=12 f0 47 00 3a 52 00 04 34 38 7a 00 f7 
   59675.4 W snd/midiC2D0 len=3 b0 35 03 
   60029.4 W snd/midiC2D0 len=3 b0 35 00 
   60380.3 W snd/midiC2D0 len=3 b0 35 03 
   60734.3 W snd/midiC2D0 len=3 b0 35 00 
   61088.4 W snd/midiC2D0 len=3 b0 35 03 
   61440.4 W snd/midiC2D0 len=3 b0 35 00 
   61794.4 W snd/midiC2D0 len=3 b0 35 03 
   62145.4 W snd/midiC2D0 len=3 b0 35 00 
   62499.4 W snd/midiC2D0 len=3 b0 35 03 
   62850.3 W snd/midiC2D0 len=3 b0 35 00 
   63204.4 W snd/midiC2D0 len=3 b0 35 03 
   63559.4 W snd/midiC2D0 len=3 b0 35 00 
   63564.3 W snd/midiC2D0 len=12 f0 47 00 3a 52 00 04 34 38 7a 00 f7 
   63910.4 W snd/midiC2D0 len=3 b0 35 03 
   64264.4 W snd/midiC2D0 len=3 b0 35 00 
   64615.4 W snd/midiC2D0 len=3 b0 35 03 
   64969.3 W snd/midiC2D0 len=3 b0 35 00 
   65323.3 W snd/midiC2D0 len=3 b0 35 03 
   65674.4 W snd/midiC2D0 len=3 b0 35 00 
   66029.4 W snd/midiC2D0 len=3 b0 35 03 
   66380.4 W snd/midiC2D0 len=3 b0 35 00 
   66734.4 W snd/midiC2D0 len=3 b0 35 03 
   67088.4 W snd/midiC2D0 len=3 b0 35 00 
   67439.4 W snd/midiC2D0 len=3 b0 35 03 
   67564.4 W snd/midiC2D0 len=12 f0 47 00 3a 52 00 04 34 38 7a 00 f7 
   67793.3 W snd/midiC2D0 len=3 b0 35 00 
   68145.4 W snd/midiC2D0 len=3 b0 35 03 
   68499.4 W snd/midiC2D0 len=3 b0 35 00 
   68853.4 W snd/midiC2D0 len=3 b0 35 03 
   69204.4 W snd/midiC2D0 len=3 b0 35 00 
   69558.4 W snd/midiC2D0 len=3 b0 35 03 
   69909.3 W snd/midiC2D0 len=3 b0 35 00 
   70263.4 W snd/midiC2D0 len=3 b0 35 03 
   70617.4 W snd/midiC2D0 len=3 b0 35 00 
   70969.4 W snd/midiC2D0 len=3 b0 35 03 
   71323.4 W snd/midiC2D0 len=3 b0 35 00 
   71564.4 W snd/midiC2D0 len=12 f0 47 00 3a 52 00 04 34 38 7a 00 f7 
   71674.4 W snd/midiC2D0 len=3 b0 35 03 
   72028.3 W snd/midiC2D0 len=3 b0 35 00 
   72382.3 W snd/midiC2D0 len=3 b0 35 03 
   72733.4 W snd/midiC2D0 len=3 b0 35 00 
   73088.5 W snd/midiC2D0 len=3 b0 35 03 
   73439.4 W snd/midiC2D0 len=3 b0 35 00 
   73793.4 W snd/midiC2D0 len=3 b0 35 03 
   74147.4 W snd/midiC2D0 len=3 b0 35 00 
   74498.3 W snd/midiC2D0 len=3 b0 35 03 
   74852.3 W snd/midiC2D0 len=3 b0 35 00 
   75203.4 W snd/midiC2D0 len=3 b0 35 03 
   75558.4 W snd/midiC2D0 len=3 b0 35 00 
   75563.4 W snd/midiC2D0 len=12 f0 47 00 3a 52 00 04 34 38 7a 00 f7 
   75912.4 W snd/midiC2D0 len=3 b0 35 03 
   76263.4 W snd/midiC2D0 len=3 b0 35 00 
   76617.4 W snd/midiC2D0 len=3 b0 35 03 
   76968.3 W snd/midiC2D0 len=3 b0 35 00 
   77322.3 W snd/midiC2D0 len=3 b0 35 03 
   77676.4 W snd/midiC2D0 len=3 b0 35 00 
   78028.4 W snd/midiC2D0 len=3 b0 35 03 
   78382.4 W snd/midiC2D0 len=3 b0 35 00 
   78733.4 W snd/midiC2D0 len=3 b0 35 03 
   79087.5 W snd/midiC2D0 len=3 b0 35 00 
   79441.4 W snd/midiC2D0 len=3 b0 35 03 
   79563.4 W snd/midiC2D0 len=12 f0 47 00 3a 52 00 04 34 38 7a 00 f7 
   79792.4 W snd/midiC2D0 len=3 b0 35 00 
   80146.4 W snd/midiC2D0 len=3 b0 35 03 
   80498.4 W snd/midiC2D0 len=3 b0 35 00 
   80852.4 W snd/midiC2D0 len=3 b0 35 03 
   81206.4 W snd/midiC2D0 len=3 b0 35 00 
   81557.4 W snd/midiC2D0 len=3 b0 35 03 
   81911.3 W snd/midiC2D0 len=3 b0 35 00 
   82262.4 W snd/midiC2D0 len=3 b0 35 03 
   82617.4 W snd/midiC2D0 len=3 b0 35 00 
   82971.4 W snd/midiC2D0 len=3 b0 35 03 
   83322.4 W snd/midiC2D0 len=3 b0 35 00 
   83563.4 W snd/midiC2D0 len=12 f0 47 00 3a 52 00 04 34 38 7a 00 f7 
   83676.4 W snd/midiC2D0 len=3 b0 35 03 
   84027.4 W snd/midiC2D0 len=3 b0 35 00 
   84381.2 W snd/midiC2D0 len=3 b0 35 03 
   84735.4 W snd/midiC2D0 len=3 b0 35 00 
   85087.4 W snd/midiC2D0 len=3 b0 35 03 
   85441.4 W snd/midiC2D0 len=3 b0 35 00 
   85792.4 W snd/midiC2D0 len=3 b0 35 03 
   86146.4 W snd/midiC2D0 len=3 b0 35 00 
   86500.3 W snd/midiC2D0 len=3 b0 35 03 
   86851.2 W snd/midiC2D0 len=3 b0 35 00 
   87205.4 W snd/midiC2D0 len=3 b0 35 03 
   87557.4 W snd/midiC2D0 len=3 b0 35 00 
   87565.4 W snd/midiC2D0 len=12 f0 47 00 3a 52 00 04 34 38 7a 00 f7 
   87911.4 W snd/midiC2D0 len=3 b0 35 03 
   88265.4 W snd/midiC2D0 len=3 b0 35 00 
   88616.4 W snd/midiC2D0 len=3 b0 35 03 
   88970.2 W snd/midiC2D0 len=3 b0 35 00 
   89321.4 W snd/midiC2D0 len=3 b0 35 03 
   89676.4 W snd/midiC2D0 len=3 b0 35 00 
   90030.4 W snd/midiC2D0 len=3 b0 35 03 
   90381.4 W snd/midiC2D0 len=3 b0 35 00 
   90735.4 W snd/midiC2D0 len=3 b0 35 03 
   91086.2 W snd/midiC2D0 len=3 b0 35 00 
   91440.3 W snd/midiC2D0 len=3 b0 35 03 
   91565.3 W snd/midiC2D0 len=12 f0 47 00 3a 52 00 04 34 38 7a 00 f7 
   91794.4 W snd/midiC2D0 len=3 b0 35 00 
   92146.4 W snd/midiC2D0 len=3 b0 35 03 
   92500.4 W snd/midiC2D0 len=3 b0 35 00 
   92851.4 W snd/midiC2D0 len=3 b0 35 03 
   93205.3 W snd/midiC2D0 len=3 b0 35 00 
   93559.3 W snd/midiC2D0 len=3 b0 35 03 
   93910.3 W snd/midiC2D0 len=3 b0 35 00 
   94264.3 W snd/midiC2D0 len=3 b0 35 03 
   94616.4 W snd/midiC2D0 len=3 b0 35 00 
   94970.4 W snd/midiC2D0 len=3 b0 35 03 
   95324.3 W snd/midiC2D0 len=3 b0 35 00 
   95565.3 W snd/midiC2D0 len=12 f0 47 00 3a 52 00 04 34 38 7a 00 f7 
   95675.4 W snd/midiC2D0 len=3 b0 35 03 
   96029.2 W snd/midiC2D0 len=3 b0 35 00 
   96380.3 W snd/midiC2D0 len=3 b0 35 03 
   96734.3 W snd/midiC2D0 len=3 b0 35 00 
   97089.4 W snd/midiC2D0 len=3 b0 35 03 
   97440.4 W snd/midiC2D0 len=3 b0 35 00 
   97794.3 W snd/midiC2D0 len=3 b0 35 03 
   98145.2 W snd/midiC2D0 len=3 b0 35 00 
   98499.2 W snd/midiC2D0 len=3 b0 35 03 
   98853.2 W snd/midiC2D0 len=3 b0 35 00 
   99205.4 W snd/midiC2D0 len=3 b0 35 03 
   99559.3 W snd/midiC2D0 len=3 b0 35 00 
   99564.3 W snd/midiC2D0 len=12 f0 47 00 3a 52 00 04 34 38 7a 00 f7 
   99910.3 W snd/midiC2D0 len=3 b0 35 03 
  100264.3 W snd/midiC2D0 len=3 b0 35 00 
  100444.4 W snd/midiC2D0 len=3 b0 43 03 
  100456.4 W snd/midiC2D0 len=3 b0 4a 00 
  100462.1 W snd/midiC2D0 len=6 b0 23 00 b0 25 03 
  100464.2 W snd/midiC2D0 len=192 f0 47 7f 3a 65 00 04 00 7f 00 00 f7 f0 47 7f 3a 65 00 04 01 7f 7f 00 f7 f0 47 7f 3a 65 00 04 02 7f 7f 00 f7 f0 47 7f 3a 65 00 04 03 7f 7f 00 f7 f0 47 7f 3a 65 00 04 04 7f 7f 00 f7 f0 47 7f 3a 65 00 04 05 7f 7f 00 f7 f0 47 7f 3a 65 00 04 06 7f 7f 00 f7 f0 47 7f 3a 65 00 04 07 7f 00 00 f7 f0 47 7f 3a 65 00 04 08 7f 7f 00 f7 f0 47 7f 3a 65 00 04 09 7f 7f 00 f7 f0 47 7f 3a 65 00 04 0a 7f 7f 00 f7.
  100470.5 W snd/midiC2D0 len=3 b0 4a 03 
  100473.6 W snd/midiC2D0 len=6 b0 43 00 b0 43 03 
  100508.7 W snd/midiC2D0 len=272 f0 47 7f 3a 0b 01 79 10 01 03 1b 61 01 40 60 30 18 0c 06 03 01 40 60 30 1c 0e 07 43 61 70 78 3c 1c 0c 06 03 21 70 70 30 10 0c 06 03 01 20 78 34 18 08 06 02 01 40 60 38 16 0f 07 42 61 20 40 30 18 0a 07 43 61 70 58 38 18 0c 06 03 01 40 70 3c 1e 0c 06 03 01 40 60 30 18 0c 06 03 01 40 00 00 00 00 00 00 00 00 00 00 03 7b 7f 43 00 00 00 00 04 07 07 01 00 00 00 31 7b 73 61 00 78 1f 03 70 18 00 00 00.
  100508.7 W snd/midiC2D0 len=6 b0 24 03 b0 25 00 
  100618.3 W snd/midiC2D0 len=3 b0 35 03 
  100679.4 W snd/midiC2D0 len=257 f0 47 7f 3a 0b 01 79 08 01 03 1b 61 01 00 40 10 00 04 04 02 01 00 20 00 18 00 01 01 41 20 10 38 00 00 02 02 40 20 60 20 10 08 04 00 01 40 10 08 00 0c 00 00 00 00 60 00 04 02 01 00 40 00 00 00 00 00 07 00 40 20 10 30 00 00 02 02 00 00 60 08 04 00 06 00 00 40 40 20 10 04 00 03 00 00 00 00 00 00 00 00 00 00 00 00 07 73 7f 07 00 40 20 10 08 0e 0e 02 00 00 00 73 7f 63 40 00 70 3e 07 70 38 00 00 00.
  100969.2 W snd/midiC2D0 len=3 b0 35 00 
  101323.3 W snd/midiC2D0 len=3 b0 35 03 
  101675.3 W snd/midiC2D0 len=3 b0 35 00 
  102029.3 W snd/midiC2D0 len=3 b0 35 03 
  102383.3 W snd/midiC2D0 len=3 b0 35 00 
  102499.7 W snd/midiC2D0 len=6 b0 52 03 b0 49 03 
  102734.3 W snd/midiC2D0 len=3 b0 35 03 
  102784.0 W snd/midiC2D0 len=24 b0 53 03 b0 53 00 b0 52 00 b0 52 03 b0 51 00 b0 52 00 b0 52 03 b0 35 00 
  102786.2 W snd/midiC2D0 len=3 b0 35 03 
  102798.4 W snd/midiC2D0 len=3 b0 49 00 
  102920.3 W snd/midiC2D0 len=6 b0 52 00 b0 52 03 
  103097.3 W snd/midiC2D0 len=3 b0 49 03 
  103106.4 W snd/midiC2D0 len=3 b0 43 00 
  103137.3 W snd/midiC2D0 len=3 b0 35 00 
  103399.3 W snd/midiC2D0 len=3 b0 49 00 
  103405.3 W snd/midiC2D0 len=3 b0 43 03 
  103492.3 W snd/midiC2D0 len=3 b0 35 03 
  103564.2 W snd/midiC2D0 len=12 f0 47 00 3a 52 00 04 34 38 7a 00 f7 
  103698.3 W snd/midiC2D0 len=3 b0 49 03 
  103706.3 W snd/midiC2D0 len=3 b0 43 00 
  103843.3 W snd/midiC2D0 len=3 b0 35 00 
  103997.3 W snd/midiC2D0 len=3 b0 49 00 
  104005.2 W snd/midiC2D0 len=3 b0 43 03 
  104197.3 W snd/midiC2D0 len=3 b0 35 03 
  104298.3 W snd/midiC2D0 len=3 b0 49 03 
  104304.2 W snd/midiC2D0 len=3 b0 43 00 
  104551.3 W snd/midiC2D0 len=3 b0 35 00 
  104597.3 W snd/midiC2D0 len=3 b0 49 00 
  104606.2 W snd/midiC2D0 len=3 b0 43 03 
  104896.3 W snd/midiC2D0 len=3 b0 49 03 
  104902.2 W snd/midiC2D0 len=3 b0 35 03 
  104905.2 W snd/midiC2D0 len=3 b0 43 00 
  105198.2 W snd/midiC2D0 len=3 b0 49 00 
  105204.3 W snd/midiC2D0 len=3 b0 43 03 
  105256.2 W snd/midiC2D0 len=3 b0 35 00 
  105497.2 W snd/midiC2D0 len=3 b0 49 03 
  105506.3 W snd/midiC2D0 len=3 b0 43 00 
  105605.8 W snd/midiC2D0 len=12 b0 52 00 b0 52 03 b0 49 00 b0 49 03 
  105608.4 W snd/midiC2D0 len=3 b0 35 03 
  105637.7 W snd/midiC2D0 len=36 b0 52 00 b0 52 03 b0 49 00 b0 49 03 b0 52 00 b0 52 03 b0 49 00 b0 49 03 b0 52 00 b0 52 03 b0 49 00 b0 49 03 
  105695.6 W snd/midiC2D0 len=12 bf 00 33 bf 01 19 bf 02 7f bf 03 7f 
  105698.4 W snd/midiC2D0 len=36 f0 47 7f 3a 65 00 04 00 00 7f 00 f7 f0 47 7f 3a 65 00 04 07 00 2a 11 f7 f0 47 7f 3a 65 00 04 0e 00 2a 11 f7 
  105744.6 W snd/midiC2D0 len=6 bf 02 00 bf 03 00 
  105747.4 W snd/midiC2D0 len=36 f0 47 7f 3a 65 00 04 00 7f 00 00 f7 f0 47 7f 3a 65 00 04 07 7f 00 00 f7 f0 47 7f 3a 65 00 04 0e 7f 00 00 f7 
  105805.4 W snd/midiC2D0 len=3 b0 43 03 
  105857.3 W snd/midiC2D0 len=20 f0 47 7f 3a 0b 00 0c 01 02 03 03 05 02 39 1c 42 01 1c 4e f7 
  105962.4 W snd/midiC2D0 len=3 b0 35 00 
  106002.3 W snd/midiC2D0 len=23 f0 47 7f 3a 0b 00 0f 01 02 03 04 07 02 01 1c 4e 21 00 40 27 13 40 f7 
  106014.5 W snd/midiC2D0 len=12 bf 00 39 bf 01 4c bf 02 7f bf 03 7f 
  106017.4 W snd/midiC2D0 len=24 f0 47 7f 3a 65 00 04 02 00 7f 00 f7 f0 47 7f 3a 65 00 04 09 00 2a 11 f7 
  106063.4 W snd/midiC2D0 len=6 bf 02 00 bf 03 00 
  106066.3 W snd/midiC2D0 len=24 f0 47 7f 3a 65 00 04 02 7f 7f 00 f7 f0 47 7f 3a 65 00 04 09 7f 7f 00 f7 
  106104.4 W snd/midiC2D0 len=3 b0 43 00 
  106252.4 W snd/midiC2D0 len=23 f0 47 7f 3a 0b 00 0f 01 02 03 06 09 02 01 1c 4e 21 00 40 27 13 40 f7 
  106313.5 W snd/midiC2D0 len=3 b0 35 03 
  106356.5 W snd/midiC2D0 len=12 bf 00 3d bf 01 6e bf 02 7f bf 03 7f 
  106359.3 W snd/midiC2D0 len=24 f0 47 7f 3a 65 00 04 03 00 7f 00 f7 f0 47 7f 3a 65 00 04 0a 00 2a 11 f7 
  106394.5 W snd/midiC2D0 len=23 f0 47 7f 3a 0b 00 0f 01 02 03 08 0b 02 01 1c 4e 21 00 40 27 13 40 f7 
  106406.4 W snd/midiC2D0 len=3 b0 43 03 
  106414.5 W snd/midiC2D0 len=6 bf 02 00 bf 03 00 
  106417.3 W snd/midiC2D0 len=24 f0 47 7f 3a 65 00 04 03 7f 7f 00 f7 f0 47 7f 3a 65 00 04 0a 7f 7f 00 f7 
  106554.4 W snd/midiC2D0 len=23 f0 47 7f 3a 0b 00 0f 01 02 03 0a 0d 02 01 1c 4e 21 00 40 27 13 40 f7 
  106667.4 W snd/midiC2D0 len=3 b0 35 00 
  106705.4 W snd/midiC2D0 len=3 b0 43 00 
  106708.5 W snd/midiC2D0 len=12 bf 00 48 bf 01 43 bf 02 7f bf 03 7f 
  106710.5 W snd/midiC2D0 len=24 f0 47 7f 3a 65 00 04 06 00 7f 00 f7 f0 47 7f 3a 65 00 04 0d 00 2a 11 f7 
  106740.6 W snd/midiC2D0 len=6 bf 02 00 bf 03 00 
  106742.4 W snd/midiC2D0 len=24 f0 47 7f 3a 65 00 04 06 7f 7f 00 f7 f0 47 7f 3a 65 00 04 0d 7f 7f 00 f7 
  106745.3 W snd/midiC2D0 len=23 f0 47 7f 3a 0b 00 0f 01 02 03 0c 0f 02 01 1c 4e 21 00 40 27 13 40 f7 
  106951.4 W snd/midiC2D0 len=23 f0 47 7f 3a 0b 00 0f 01 02 03 0e 11 02 01 1c 4e 21 00 40 27 13 40 f7 
  107007.4 W snd/midiC2D0 len=3 b0 43 03 
  107021.4 W snd/midiC2D0 len=3 b0 35 03 
  107076.4 W snd/midiC2D0 len=12 bf 00 57 bf 01 3b bf 02 7f bf 03 7f 
  107079.2 W snd/midiC2D0 len=24 f0 47 7f 3a 65 00 04 03 00 2a 11 f7 f0 47 7f 3a 65 00 04 0a 00 7f 00 f7 
  107097.4 W snd/midiC2D0 len=23 f0 47 7f 3a 0b 00 0f 01 02 03 10 13 02 01 1c 4e 21 00 40 27 13 40 f7 
  107111.7 W snd/midiC2D0 len=6 bf 02 00 bf 03 00 
  107114.4 W snd/midiC2D0 len=24 f0 47 7f 3a 65 00 04 03 7f 7f 00 f7 f0 47 7f 3a 65 00 04 0a 7f 7f 00 f7 
  107256.3 W snd/midiC2D0 len=23 f0 47 7f 3a 0b 00 0f 01 02 03 12 15 02 01 1c 4e 21 00 40 27 13 40 f7 
  107306.4 W snd/midiC2D0 len=3 b0 43 00 
  107372.2 W snd/midiC2D0 len=3 b0 35 00 
  107401.3 W snd/midiC2D0 len=23 f0 47 7f 3a 0b 00 0f 01 02 03 14 17 02 01 1c 4e 21 00 40 27 13 40 f7 
  107410.6 W snd/midiC2D0 len=12 bf 00 5b bf 01 5d bf 02 7f bf 03 7f 
  107413.4 W snd/midiC2D0 len=24 f0 47 7f 3a 65 00 04 04 00 2a 11 f7 f0 47 7f 3a 65 00 04 0b 00 7f 00 f7 
  107456.5 W snd/midiC2D0 len=6 bf 02 00 bf 03 00 
  107459.2 W snd/midiC2D0 len=24 f0 47 7f 3a 65 00 04 04 7f 7f 00 f7 f0 47 7f 3a 65 00 04 0b 7f 7f 00 f7 
  107564.4 W snd/midiC2D0 len=12 f0 47 00 3a 52 00 04 34 38 7a 00 f7 
  107604.4 W snd/midiC2D0 len=3 b0 43 03 
  107651.4 W snd/midiC2D0 len=20 f0 47 7f 3a 0b 00 0c 01 02 03 16 18 02 39 1c 42 01 1c 4e f7 
  107726.4 W snd/midiC2D0 len=3 b0 35 03 
  107761.6 W snd/midiC2D0 len=12 bf 00 6a bf 01 54 bf 02 7f bf 03 7f 
  107764.3 W snd/midiC2D0 len=36 f0 47 7f 3a 65 00 04 01 00 2a 11 f7 f0 47 7f 3a 65 00 04 08 00 2a 11 f7 f0 47 7f 3a 65 00 04 0f 00 7f 00 f7 
  107796.4 W snd/midiC2D0 len=23 f0 47 7f 3a 0b 00 0f 01 02 03 17 1a 02 01 1c 4e 21 00 40 27 13 40 f7 
  107802.6 W snd/midiC2D0 len=6 bf 02 00 bf 03 00 
  107805.4 W snd/midiC2D0 len=36 f0 47 7f 3a 65 00 04 01 7f 7f 00 f7 f0 47 7f 3a 65 00 04 08 7f 7f 00 f7 f0 47 7f 3a 65 00 04 0f 7f 7f 00 f7 
  107906.3 W snd/midiC2D0 len=3 b0 43 00 
  107956.4 W snd/midiC2D0 len=23 f0 47 7f 3a 0b 00 0f 01 02 03 19 1c 02 01 1c 4e 21 00 40 27 13 40 f7 
  108078.4 W snd/midiC2D0 len=3 b0 35 00 
  108092.5 W snd/midiC2D0 len=12 bf 00 66 bf 01 32 bf 02 7f bf 03 7f 
  108095.4 W snd/midiC2D0 len=36 f0 47 7f 3a 65 00 04 00 00 2a 11 f7 f0 47 7f 3a 65 00 04 07 00 2a 11 f7 f0 47 7f 3a 65 00 04 0e 00 7f 00 f7 
  108147.5 W snd/midiC2D0 len=23 f0 47 7f 3a 0b 00 0f 01 02 03 1b 1e 02 01 1c 4e 21 00 40 27 13 40 f7 
  108147.5 W snd/midiC2D0 len=6 bf 02 00 bf 03 00 
  108150.3 W snd/midiC2D0 len=36 f0 47 7f 3a 65 00 04 00 7f 00 00 f7 f0 47 7f 3a 65 00 04 07 7f 00 00 f7 f0 47 7f 3a 65 00 04 0e 7f 00 00 f7 
  108205.3 W snd/midiC2D0 len=3 b0 43 03 
  108348.4 W snd/midiC2D0 len=23 f0 47 7f 3a 0b 00 0f 01 02 03 1d 20 02 01 1c 4e 21 00 40 27 13 40 f7 
  108432.4 W snd/midiC2D0 len=3 b0 35 03 
  108452.5 W snd/midiC2D0 len=12 bf 00 62 bf 01 10 bf 02 7f bf 03 7f 
  108455.4 W snd/midiC2D0 len=24 f0 47 7f 3a 65 00 04 06 00 2a 11 f7 f0 47 7f 3a 65 00 04 0d 00 7f 00 f7 
  108496.4 W snd/midiC2D0 len=23 f0 47 7f 3a 0b 00 0f 01 02 03 1f 22 02 01 1c 4e 21 00 40 27 13 40 f7 
  108501.5 W snd/midiC2D0 len=6 bf 02 00 bf 03 00 
  108504.3 W snd/midiC2D0 len=24 f0 47 7f 3a 65 00 04 06 7f 7f 00 f7 f0 47 7f 3a 65 00 04 0d 7f 7f 00 f7 
  108504.3 W snd/midiC2D0 len=3 b0 43 00 
  108655.4 W snd/midiC2D0 len=23 f0 47 7f 3a 0b 00 0f 01 02 03 21 24 02 01 1c 4e 21 00 40 27 13 40 f7 
  108786.5 W snd/midiC2D0 len=3 b0 35 00 
  108803.4 W snd/midiC2D0 len=12 bf 00 5d bf 01 6e bf 02 7f bf 03 7f 
  108806.2 W snd/midiC2D0 len=24 f0 47 7f 3a 65 00 04 05 00 2a 11 f7 f0 47 7f 3a 65 00 04 0c 00 7f 00 f7 
  108806.3 W snd/midiC2D0 len=3 b0 43 03 
  108847.4 W snd/midiC2D0 len=23 f0 47 7f 3a 0b 00 0f 01 02 03 23 26 02 01 1c 4e 21 00 40 27 13 40 f7 
  108853.5 W snd/midiC2D0 len=6 bf 02 00 bf 03 00 
  108855.4 W snd/midiC2D0 len=24 f0 47 7f 3a 65 00 04 05 7f 7f 00 f7 f0 47 7f 3a 65 00 04 0c 7f 7f 00 f7 
  109064.4 W snd/midiC2D0 len=23 f0 47 7f 3a 0b 00 0f 01 02 03 25 28 02 01 1c 4e 21 00 40 27 13 40 f7 
  109105.3 W snd/midiC2D0 len=3 b0 43 00 
  109137.4 W snd/midiC2D0 len=3 b0 35 03 
  109215.4 W snd/midiC2D0 len=23 f0 47 7f 3a 0b 00 0f 01 02 03 27 2a 02 01 1c 4e 21 00 40 27 13 40 f7 
  109349.4 W snd/midiC2D0 len=23 f0 47 7f 3a 0b 00 0f 01 02 03 29 2c 02 01 1c 4e 21 00 40 27 13 40 f7 
  109404.4 W snd/midiC2D0 len=3 b0 43 03 
  109491.3 W snd/midiC2D0 len=3 b0 35 00 
  109564.4 W snd/midiC2D0 len=20 f0 47 7f 3a 0b 00 0c 01 02 03 2b 2d 02 39 1c 42 01 1c 4e f7 
  109697.4 W snd/midiC2D0 len=23 f0 47 7f 3a 0b 00 0f 01 02 03 2c 2f 02 01 1c 4e 21 00 40 27 13 40 f7 
  109706.3 W snd/midiC2D0 len=3 b0 43 00 
  109834.5 W snd/midiC2D0 len=6 b0 24 00 b0 26 03 
  109837.5 W snd/midiC2D0 len=48 f0 47 7f 3a 65 00 04 0c 00 00 00 f7 f0 47 7f 3a 65 00 04 0d 00 00 00 f7 f0 47 7f 3a 65 00 04 0e 00 00 00 f7 f0 47 7f 3a 65 00 04 0f 00 00 00 f7 
  109842.4 W snd/midiC2D0 len=3 b0 35 03 
  110005.4 W snd/midiC2D0 len=3 b0 43 03 
  110101.4 W snd/midiC2D0 len=23 f0 47 7f 3a 0b 00 0f 01 02 03 2e 31 02 01 1c 4e 21 00 40 27 13 40 f7 
  110196.4 W snd/midiC2D0 len=3 b0 35 00 
  110199.2 W snd/midiC2D0 len=23 f0 47 7f 3a 0b 00 0f 01 02 03 30 33 02 01 1c 4e 21 00 40 27 13 40 f7 
  110246.3 W snd/midiC2D0 len=23 f0 47 7f 3a 0b 00 0f 01 02 03 32 35 02 01 1c 4e 21 00 40 27 13 40 f7 
  110304.4 W snd/midiC2D0 len=3 b0 43 00 
  110446.4 W snd/midiC2D0 len=23 f0 47 7f 3a 0b 00 0f 01 02 03 34 37 02 01 1c 4e 21 00 40 27 13 40 f7 
  110551.4 W snd/midiC2D0 len=3 b0 35 03 
  110597.4 W snd/midiC2D0 len=23 f0 47 7f 3a 0b 00 0f 01 02 03 36 39 02 01 1c 4e 21 00 40 27 13 40 f7 
  110606.4 W snd/midiC2D0 len=3 b0 43 03 
  110797.3 W snd/midiC2D0 len=23 f0 47 7f 3a 0b 00 0f 01 02 03 38 3b 02 01 1c 4e 21 00 40 27 13 40 f7 
  110879.7 W snd/midiC2D0 len=12 bf 00 7f bf 01 7f bf 02 7f bf 03 7f 
  110881.4 W snd/midiC2D0 len=24 f0 47 7f 3a 65 00 04 01 00 2a 11 f7 f0 47 7f 3a 65 00 04 08 00 7f 00 f7 
  110902.4 W snd/midiC2D0 len=3 b0 35 00 
  110905.4 W snd/midiC2D0 len=3 b0 43 00 
  110934.6 W snd/midiC2D0 len=6 bf 02 00 bf 03 00 
  110937.5 W snd/midiC2D0 len=47 f0 47 7f 3a 65 00 04 01 7f 7f 00 f7 f0 47 7f 3a 65 00 04 08 7f 7f 00 f7 f0 47 7f 3a 0b 00 0f 01 02 03 3a 3d 02 01 1c 4e 21 00 40 27 13 40 f7 
  111134.4 W snd/midiC2D0 len=23 f0 47 7f 3a 0b 00 0f 01 02 03 3c 3f 02 01 1c 4e 21 00 40 27 13 40 f7 
  111207.3 W snd/midiC2D0 len=3 b0 43 03 
  111244.4 W snd/midiC2D0 len=6 bf 02 7f bf 03 7f 
  111247.3 W snd/midiC2D0 len=24 f0 47 7f 3a 65 00 04 00 00 7f 00 f7 f0 47 7f 3a 65 00 04 07 00 2a 11 f7 
  111256.4 W snd/midiC2D0 len=3 b0 35 03 
  111294.6 W snd/midiC2D0 len=6 bf 02 00 bf 03 00 
  111296.4 W snd/midiC2D0 len=44 f0 47 7f 3a 65 00 04 00 7f 00 00 f7 f0 47 7f 3a 65 00 04 07 7f 00 00 f7 f0 47 7f 3a 0b 00 0c 01 02 03 3e 40 02 39 1c 42 01 1c 4e f7 
  111497.5 W snd/midiC2D0 len=23 f0 47 7f 3a 0b 00 0f 01 02 03 3f 42 02 01 1c 4e 21 00 40 27 13 40 f7 
  111505.4 W snd/midiC2D0 len=3 b0 43 00 
  111564.3 W snd/midiC2D0 len=12 f0 47 00 3a 52 00 04 34 38 7a 00 f7 
  111607.6 W snd/midiC2D0 len=9 bf 02 7f bf 03 7f b0 35 00 
  111610.4 W snd/midiC2D0 len=48 f0 47 7f 3a 65 00 04 01 00 7f 00 f7 f0 47 7f 3a 65 00 04 02 00 7f 00 f7 f0 47 7f 3a 65 00 04 08 00 2a 11 f7 f0 47 7f 3a 65 00 04 09 00 2a 11 f7 
  111639.4 W snd/midiC2D0 len=24 f0 47 7f 3a 65 00 04 01 7f 7f 00 f7 f0 47 7f 3a 65 00 04 08 7f 7f 00 f7 
  111645.4 W snd/midiC2D0 len=23 f0 47 7f 3a 0b 00 0f 01 02 03 41 44 02 01 1c 4e 21 00 40 27 13 40 f7 
  111662.6 W snd/midiC2D0 len=6 bf 02 00 bf 03 00 
  111665.2 W snd/midiC2D0 len=24 f0 47 7f 3a 65 00 04 02 7f 7f 00 f7 f0 47 7f 3a 65 00 04 09 7f 7f 00 f7 
  111804.4 W snd/midiC2D0 len=3 b0 43 03 
  111845.5 W snd/midiC2D0 len=23 f0 47 7f 3a 0b 00 0f 01 02 03 43 46 02 01 1c 4e 21 00 40 27 13 40 f7 
  111961.4 W snd/midiC2D0 len=3 b0 35 03 
  111981.6 W snd/midiC2D0 len=6 bf 02 7f bf 03 7f 
  111984.4 W snd/midiC2D0 len=12 f0 47 7f 3a 65 00 04 06 00 7f 00 f7 
  112051.5 W snd/midiC2D0 len=6 bf 02 00 bf 03 00 
  112054.4 W snd/midiC2D0 len=12 f0 47 7f 3a 65 00 04 06 7f 7f 00 f7 
  112106.3 W snd/midiC2D0 len=3 b0 43 00 
  112150.4 W snd/midiC2D0 len=23 f0 47 7f 3a 0b 00 0f 01 02 03 45 48 02 01 1c 4e 21 00 40 27 13 40 f7 
  112190.4 W snd/midiC2D0 len=23 f0 47 7f 3a 0b 00 0f 01 02 03 47 4a 02 01 1c 4e 21 00 40 27 13 40 f7 
  112315.2 W snd/midiC2D0 len=3 b0 35 00 
  112324.5 W snd/midiC2D0 len=6 bf 02 7f bf 03 7f 
  112327.4 W snd/midiC2D0 len=24 f0 47 7f 3a 65 00 04 03 00 2a 11 f7 f0 47 7f 3a 65 00 04 0a 00 7f 00 f7 
  112365.5 W snd/midiC2D0 len=6 bf 02 00 bf 03 00 
  112368.4 W snd/midiC2D0 len=24 f0 47 7f 3a 65 00 04 03 7f 7f 00 f7 f0 47 7f 3a 65 00 04 0a 7f 7f 00 f7 
  112370.5 W snd/midiC2D0 len=23 f0 47 7f 3a 0b 00 0f 01 02 03 49 4c 02 01 1c 4e 21 00 40 27 13 40 f7 
  112405.2 W snd/midiC2D0 len=3 b0 43 03 
  112562.5 W snd/midiC2D0 len=23 f0 47 7f 3a 0b 00 0f 01 02 03 4b 4e 02 01 1c 4e 21 00 40 27 13 40 f7 
  112655.5 W snd/midiC2D0 len=6 bf 02 7f bf 03 7f 
  112658.3 W snd/midiC2D0 len=12 f0 47 7f 3a 65 00 04 05 00 7f 00 f7 
  112666.4 W snd/midiC2D0 len=3 b0 35 03 
  112704.4 W snd/midiC2D0 len=3 b0 43 00 
  112707.5 W snd/midiC2D0 len=6 bf 02 00 bf 03 00 
  112710.4 W snd/midiC2D0 len=12 f0 47 7f 3a 65 00 04 05 7f 7f 00 f7 
  112727.4 W snd/midiC2D0 len=23 f0 47 7f 3a 0b 00 0f 01 02 03 4d 50 02 01 1c 4e 21 00 40 27 13 40 f7 
  112902.5 W snd/midiC2D0 len=23 f0 47 7f 3a 0b 00 0f 01 02 03 4f 52 02 01 1c 4e 21 00 40 27 13 40 f7 
  113006.3 W snd/midiC2D0 len=3 b0 43 03 
  113021.6 W snd/midiC2D0 len=9 bf 02 7f bf 03 7f b0 35 00 
  113024.4 W snd/midiC2D0 len=24 f0 47 7f 3a 65 00 04 00 00 7f 00 f7 f0 47 7f 3a 65 00 04 07 00 2a 11 f7 
  113064.6 W snd/midiC2D0 len=23 f0 47 7f 3a 0b 00 0f 01 02 03 51 54 02 01 1c 4e 21 00 40 27 13 40 f7 
  113064.7 W snd/midiC2D0 len=6 bf 02 00 bf 03 00 
  113067.4 W snd/midiC2D0 len=24 f0 47 7f 3a 65 00 04 00 7f 00 00 f7 f0 47 7f 3a 65 00 04 07 7f 00 00 f7 
  113279.3 W snd/midiC2D0 len=20 f0 47 7f 3a 0b 00 0c 01 02 03 53 55 02 39 1c 42 01 1c 4e f7 
  113305.3 W snd/midiC2D0 len=3 b0 43 00 
  113372.4 W snd/midiC2D0 len=3 b0 35 03 
  113427.4 W snd/midiC2D0 len=23 f0 47 7f 3a 0b 00 0f 01 02 03 54 57 02 01 1c 4e 21 00 40 27 13 40 f7 
  113604.4 W snd/midiC2D0 len=3 b0 43 03 
  113662.3 W snd/midiC2D0 len=23 f0 47 7f 3a 0b 00 0f 01 02 03 56 59 02 01 1c 4e 21 00 40 27 13 40 f7 
  113726.4 W snd/midiC2D0 len=3 b0 35 00 
  113761.4 W snd/midiC2D0 len=23 f0 47 7f 3a 0b 00 0f 01 02 03 58 5b 02 01 1c 4e 21 00 40 27 13 40 f7 
  113906.3 W snd/midiC2D0 len=3 b0 43 00 
  113961.4 W snd/midiC2D0 len=23 f0 47 7f 3a 0b 00 0f 01 02 03 5a 5d 02 01 1c 4e 21 00 40 27 13 40 f7 
  114080.4 W snd/midiC2D0 len=3 b0 35 03 
  114124.5 W snd/midiC2D0 len=6 b0 24 03 b0 26 00 
  114126.4 W snd/midiC2D0 len=71 f0 47 7f 3a 65 00 04 0c 7f 7f 00 f7 f0 47 7f 3a 65 00 04 0d 7f 7f 00 f7 f0 47 7f 3a 65 00 04 0e 7f 00 00 f7 f0 47 7f 3a 65 00 04 0f 7f 7f 00 f7 f0 47 7f 3a 0b 00 0f 01 02 03 5c 5f 02 01 1c 4e 21 00 40 27 13 40 f7 
  114205.3 W snd/midiC2D0 len=3 b0 43 03 
  114411.4 W snd/midiC2D0 len=23 f0 47 7f 3a 0b 00 0f 01 02 03 5e 61 02 01 1c 4e 21 00 40 27 13 40 f7 
  114431.2 W snd/midiC2D0 len=3 b0 35 00 
  114507.3 W snd/midiC2D0 len=3 b0 43 00 
  114562.4 W snd/midiC2D0 len=23 f0 47 7f 3a 0b 00 0f 01 02 03 60 63 02 01 1c 4e 21 00 40 27 13 40 f7 
  114661.4 W snd/midiC2D0 len=23 f0 47 7f 3a 0b 00 0f 01 02 03 62 65 02 01 1c 4e 21 00 40 27 13 40 f7 
  114785.2 W snd/midiC2D0 len=3 b0 35 03 
  114800.5 W snd/midiC2D0 len=12 bf 00 33 bf 01 19 bf 02 7f bf 03 7f 
  114803.3 W snd/midiC2D0 len=36 f0 47 7f 3a 65 00 04 00 00 7f 00 f7 f0 47 7f 3a 65 00 04 07 00 2a 11 f7 f0 47 7f 3a 65 00 04 0e 00 2a 11 f7 
  114806.3 W snd/midiC2D0 len=3 b0 43 03 
  114838.6 W snd/midiC2D0 len=6 bf 02 00 bf 03 00 
  114840.4 W snd/midiC2D0 len=36 f0 47 7f 3a 65 00 04 00 7f 00 00 f7 f0 47 7f 3a 65 00 04 07 7f 00 00 f7 f0 47 7f 3a 65 00 04 0e 7f 00 00 f7 
  114858.4 W snd/midiC2D0 len=23 f0 47 7f 3a 0b 00 0f 01 02 03 64 67 02 01 1c 4e 21 00 40 27 13 40 f7 
  115041.4 W snd/midiC2D0 len=20 f0 47 7f 3a 0b 00 0c 01 02 03 66 68 02 39 1c 42 01 1c 4e f7 
  115105.3 W snd/midiC2D0 len=3 b0 43 00 
  115122.5 W snd/midiC2D0 len=12 bf 00 37 bf 01 3b bf 02 7f bf 03 7f 
  115125.3 W snd/midiC2D0 len=36 f0 47 7f 3a 65 00 04 01 00 7f 00 f7 f0 47 7f 3a 65 00 04 08 00 2a 11 f7 f0 47 7f 3a 65 00 04 0f 00 2a 11 f7 
  115137.2 W snd/midiC2D0 len=3 b0 35 00 
  115148.4 W snd/midiC2D0 len=23 f0 47 7f 3a 0b 00 0f 01 02 03 67 6a 02 01 1c 4e 21 00 40 27 13 40 f7 
  115157.5 W snd/midiC2D0 len=6 bf 02 00 bf 03 00 
  115160.3 W snd/midiC2D0 len=36 f0 47 7f 3a 65 00 04 01 7f 7f 00 f7 f0 47 7f 3a 65 00 04 08 7f 7f 00 f7 f0 47 7f 3a 65 00 04 0f 7f 7f 00 f7 
  115360.3 W snd/midiC2D0 len=23 f0 47 7f 3a 0b 00 0f 01 02 03 69 6c 02 01 1c 4e 21 00 40 27 13 40 f7 
  115406.3 W snd/midiC2D0 len=3 b0 43 03 
  115447.4 W snd/midiC2D0 len=12 bf 00 44 bf 01 21 bf 02 7f bf 03 7f 
  115450.3 W snd/midiC2D0 len=24 f0 47 7f 3a 65 00 04 05 00 7f 00 f7 f0 47 7f 3a 65 00 04 0c 00 2a 11 f7 
  115491.6 W snd/midiC2D0 len=9 bf 02 00 bf 03 00 b0 35 03 
  115494.4 W snd/midiC2D0 len=24 f0 47 7f 3a 65 00 04 05 7f 7f 00 f7 f0 47 7f 3a 65 00 04 0c 7f 7f 00 f7 
  115560.2 W snd/midiC2D0 len=23 f0 47 7f 3a 0b 00 0f 01 02 03 6b 6e 02 01 1c 4e 21 00 40 27 13 40 f7 
  115566.2 W snd/midiC2D0 len=12 f0 47 00 3a 52 00 04 34 38 7a 00 f7 
  115705.3 W snd/midiC2D0 len=3 b0 43 00 
  115758.4 W snd/midiC2D0 len=23 f0 47 7f 3a 0b 00 0f 01 02 03 6d 70 02 01 1c 4e 21 00 40 27 13 40 f7 
  115845.3 W snd/midiC2D0 len=3 b0 35 00 
  115909.4 W snd/midiC2D0 len=23 f0 47 7f 3a 0b 00 0f 01 02 03 6f 72 02 01 1c 4e 21 00 40 27 13 40 f7 
  116004.3 W snd/midiC2D0 len=3 b0 43 03 
  116109.4 W snd/midiC2D0 len=23 f0 47 7f 3a 0b 00 0f 01 02 03 71 74 02 01 1c 4e 21 00 40 27 13 40 f7 
  116136.8 W snd/midiC2D0 len=15 b0 52 00 b0 51 03 b0 49 00 b0 49 03 b0 49 00 
  116141.4 W snd/midiC2D0 len=6 b0 43 00 b0 43 03 
  116196.3 W snd/midiC2D0 len=3 b0 35 03 
  116287.0 W snd/midiC2D0 len=6 bf 00 00 bf 01 00 
  116550.3 W snd/midiC2D0 len=3 b0 35 00 
  116901.1 W snd/midiC2D0 len=3 b0 35 03 
  117255.3 W snd/midiC2D0 len=3 b0 35 00 
  117610.3 W snd/midiC2D0 len=3 b0 35 03 
  117961.2 W snd/midiC2D0 len=3 b0 35 00 
  118315.2 W snd/midiC2D0 len=3 b0 35 03 
  118666.2 W snd/midiC2D0 len=3 b0 35 00 
  119020.1 W snd/midiC2D0 len=3 b0 35 03 
  119374.2 W snd/midiC2D0 len=3 b0 35 00 
  119566.2 W snd/midiC2D0 len=12 f0 47 00 3a 52 00 04 34 38 7a 00 f7 
  119725.3 W snd/midiC2D0 len=3 b0 35 03 
  120080.2 W snd/midiC2D0 len=3 b0 35 00 
  120431.2 W snd/midiC2D0 len=3 b0 35 03 
  120785.3 W snd/midiC2D0 len=3 b0 35 00 
  121139.2 W snd/midiC2D0 len=3 b0 35 03 
  121490.1 W snd/midiC2D0 len=3 b0 35 00 
  121844.1 W snd/midiC2D0 len=3 b0 35 03 
  122196.2 W snd/midiC2D0 len=3 b0 35 00 
  122550.2 W snd/midiC2D0 len=3 b0 35 03 
  122904.3 W snd/midiC2D0 len=3 b0 35 00 
  123255.2 W snd/midiC2D0 len=3 b0 35 03 
  123566.2 W snd/midiC2D0 len=12 f0 47 00 3a 52 00 04 34 38 7a 00 f7 
  123609.2 W snd/midiC2D0 len=3 b0 35 00 
  123960.1 W snd/midiC2D0 len=3 b0 35 03 
  124314.2 W snd/midiC2D0 len=3 b0 35 00 
  124668.2 W snd/midiC2D0 len=3 b0 35 03 
  125020.2 W snd/midiC2D0 len=3 b0 35 00 
  125374.3 W snd/midiC2D0 len=3 b0 35 03 
  125725.3 W snd/midiC2D0 len=3 b0 35 00 
  126079.1 W snd/midiC2D0 len=3 b0 35 03 
  126433.1 W snd/midiC2D0 len=3 b0 35 00 
  126784.2 W snd/midiC2D0 len=3 b0 35 03 
  127139.2 W snd/midiC2D0 len=3 b0 35 00 
  127490.2 W snd/midiC2D0 len=3 b0 35 03 
  127565.1 W snd/midiC2D0 len=12 f0 47 00 3a 52 00 04 34 38 7a 00 f7 
  127844.2 W snd/midiC2D0 len=3 b0 35 00 
  128198.2 W snd/midiC2D0 len=3 b0 35 03 
  128549.1 W snd/midiC2D0 len=3 b0 35 00 
  128903.1 W snd/midiC2D0 len=3 b0 35 03 
  129254.2 W snd/midiC2D0 len=3 b0 35 00 
  129609.2 W snd/midiC2D0 len=3 b0 35 03 
  129963.2 W snd/midiC2D0 len=3 b0 35 00 
  130314.2 W snd/midiC2D0 len=3 b0 35 03 
  130668.2 W snd/midiC2D0 len=3 b0 35 00 
  131019.0 W snd/midiC2D0 len=3 b0 35 03 
  131373.0 W snd/midiC2D0 len=3 b0 35 00 
  131565.2 W snd/midiC2D0 len=12 f0 47 00 3a 52 00 04 34 38 7a 00 f7 
  131727.2 W snd/midiC2D0 len=3 b0 35 03 
  132079.2 W snd/midiC2D0 len=3 b0 35 00 
  132433.1 W snd/midiC2D0 len=3 b0 35 03 
  132784.1 W snd/midiC2D0 len=3 b0 35 00 
  133138.1 W snd/midiC2D0 len=3 b0 35 03 
  133492.0 W snd/midiC2D0 len=3 b0 35 00 
  133843.1 W snd/midiC2D0 len=3 b0 35 03 
  134197.1 W snd/midiC2D0 len=3 b0 35 00 
  134549.2 W snd/midiC2D0 len=3 b0 35 03 
  134903.1 W snd/midiC2D0 len=3 b0 35 00 
  135257.1 W snd/midiC2D0 len=3 b0 35 03 
  135565.1 W snd/midiC2D0 len=12 f0 47 00 3a 52 00 04 34 38 7a 00 f7 
  135608.0 W snd/midiC2D0 len=3 b0 35 00 
  135962.0 W snd/midiC2D0 len=3 b0 35 03 
  136313.1 W snd/midiC2D0 len=3 b0 35 00 
  136668.1 W snd/midiC2D0 len=3 b0 35 03 
  137022.1 W snd/midiC2D0 len=3 b0 35 00 
  137373.1 W snd/midiC2D0 len=3 b0 35 03 
  137727.1 W snd/midiC2D0 len=3 b0 35 00 
  138078.1 W snd/midiC2D0 len=3 b0 35 03 
  138432.0 W snd/midiC2D0 len=3 b0 35 00 
  138786.1 W snd/midiC2D0 len=3 b0 35 03 
  139138.1 W snd/midiC2D0 len=3 b0 35 00 
  139492.1 W snd/midiC2D0 len=3 b0 35 03 
  139564.1 W snd/midiC2D0 len=12 f0 47 00 3a 52 00 04 34 38 7a 00 f7 
  139843.1 W snd/midiC2D0 len=3 b0 35 00 
  140197.1 W snd/midiC2D0 len=3 b0 35 03 
  140551.0 W snd/midiC2D0 len=3 b0 35 00 
  140902.1 W snd/midiC2D0 len=3 b0 35 03 
  141256.1 W snd/midiC2D0 len=3 b0 35 00 
  141608.1 W snd/midiC2D0 len=3 b0 35 03 
  141962.1 W snd/midiC2D0 len=3 b0 35 00 
  142316.1 W snd/midiC2D0 len=3 b0 35 03 
  142667.1 W snd/midiC2D0 len=3 b0 35 00 
  143020.9 W snd/midiC2D0 len=3 b0 35 03 
  143372.1 W snd/midiC2D0 len=3 b0 35 00 
  143564.0 W snd/midiC2D0 len=12 f0 47 00 3a 52 00 04 34 38 7a 00 f7 
  143727.1 W snd/midiC2D0 len=3 b0 35 03 
  144081.1 W snd/midiC2D0 len=3 b0 35 00 
  144432.1 W snd/midiC2D0 len=3 b0 35 03 
  144786.1 W snd/midiC2D0 len=3 b0 35 00 
  145136.9 W snd/midiC2D0 len=3 b0 35 03 
  145490.9 W snd/midiC2D0 len=3 b0 35 00 
  145845.1 W snd/midiC2D0 len=3 b0 35 03 
  146197.1 W snd/midiC2D0 len=3 b0 35 00 
  146551.0 W snd/midiC2D0 len=3 b0 35 03 
  146902.0 W snd/midiC2D0 len=3 b0 35 00 
  147256.0 W snd/midiC2D0 len=3 b0 35 03 
  147564.0 W snd/midiC2D0 len=12 f0 47 00 3a 52 00 04 34 38 7a 00 f7 
  147609.9 W snd/midiC2D0 len=3 b0 35 00 
  147960.9 W snd/midiC2D0 len=3 b0 35 03 
  148315.0 W snd/midiC2D0 len=3 b0 35 00 
  148667.0 W snd/midiC2D0 len=3 b0 35 03 
  149021.0 W snd/midiC2D0 len=3 b0 35 00 
  149375.0 W snd/midiC2D0 len=3 b0 35 03 
  149726.0 W snd/midiC2D0 len=3 b0 35 00 
  150080.1 W snd/midiC2D0 len=3 b0 35 03 
  150431.0 W snd/midiC2D0 len=3 b0 35 00 
  150785.0 W snd/midiC2D0 len=3 b0 35 03 
  151140.0 W snd/midiC2D0 len=3 b0 35 00 
  151491.0 W snd/midiC2D0 len=3 b0 35 03 
  151565.9 W snd/midiC2D0 len=12 f0 47 00 3a 52 00 04 34 38 7a 00 f7 
  151845.0 W snd/midiC2D0 len=3 b0 35 00 
  152195.9 W snd/midiC2D0 len=3 b0 35 03 
  152549.9 W snd/midiC2D0 len=3 b0 35 00 
  152903.9 W snd/midiC2D0 len=3 b0 35 03 
  153256.0 W snd/midiC2D0 len=3 b0 35 00 
  153610.0 W snd/midiC2D0 len=3 b0 35 03 
  153961.0 W snd/midiC2D0 len=3 b0 35 00 
  154315.0 W snd/midiC2D0 len=3 b0 35 03 
  154669.0 W snd/midiC2D0 len=3 b0 35 00 
  155019.8 W snd/midiC2D0 len=3 b0 35 03 
  155374.0 W snd/midiC2D0 len=3 b0 35 00 
  155565.9 W snd/midiC2D0 len=12 f0 47 00 3a 52 00 04 34 38 7a 00 f7 
  155726.0 W snd/midiC2D0 len=3 b0 35 03 
  156080.0 W snd/midiC2D0 len=3 b0 35 00 
  156433.9 W snd/midiC2D0 len=3 b0 35 03 
  156784.9 W snd/midiC2D0 len=3 b0 35 00 
  157138.8 W snd/midiC2D0 len=3 b0 35 03 
  157489.8 W snd/midiC2D0 len=3 b0 35 00 
  157843.9 W snd/midiC2D0 len=3 b0 35 03 
  158199.0 W snd/midiC2D0 len=3 b0 35 00 
  158549.9 W snd/midiC2D0 len=3 b0 35 03 
  158903.9 W snd/midiC2D0 len=3 b0 35 00 
  159254.9 W snd/midiC2D0 len=3 b0 35 03 
  159565.9 W snd/midiC2D0 len=12 f0 47 00 3a 52 00 04 34 38 7a 00 f7 
  159608.8 W snd/midiC2D0 len=3 b0 35 00 
  159962.8 W snd/midiC2D0 len=3 b0 35 03 
  160314.9 W snd/midiC2D0 len=3 b0 35 00 
  160668.9 W snd/midiC2D0 len=3 b0 35 03 
  161019.9 W snd/midiC2D0 len=3 b0 35 00 
  161373.9 W snd/midiC2D0 len=3 b0 35 03 
  161727.9 W snd/midiC2D0 len=3 b0 35 00 
  162078.8 W snd/midiC2D0 len=3 b0 35 03 
  162433.0 W snd/midiC2D0 len=3 b0 35 00 
  162784.9 W snd/midiC2D0 len=3 b0 35 03 
  163138.9 W snd/midiC2D0 len=3 b0 35 00 
  163492.9 W snd/midiC2D0 len=3 b0 35 03 
  163564.8 W snd/midiC2D0 len=12 f0 47 00 3a 52 00 04 34 38 7a 00 f7 
  163843.9 W snd/midiC2D0 len=3 b0 35 00 
  164197.7 W snd/midiC2D0 len=3 b0 35 03 
  164548.8 W snd/midiC2D0 len=3 b0 35 00 
  164902.9 W snd/midiC2D0 len=3 b0 35 03 
  165257.9 W snd/midiC2D0 len=3 b0 35 00 
  165608.9 W snd/midiC2D0 len=3 b0 35 03 
  165962.8 W snd/midiC2D0 len=3 b0 35 00 
  166313.8 W snd/midiC2D0 len=3 b0 35 03 
  166667.7 W snd/midiC2D0 len=3 b0 35 00 
  167021.7 W snd/midiC2D0 len=3 b0 35 03 
  167372.8 W snd/midiC2D0 len=3 b0 35 00 
  167564.8 W snd/midiC2D0 len=12 f0 47 00 3a 52 00 04 34 38 7a 00 f7 
  167727.8 W snd/midiC2D0 len=3 b0 35 03 
  168078.8 W snd/midiC2D0 len=3 b0 35 00 
  168432.8 W snd/midiC2D0 len=3 b0 35 03 
  168786.8 W snd/midiC2D0 len=3 b0 35 00 
  169137.7 W snd/midiC2D0 len=3 b0 35 03 
  169491.8 W snd/midiC2D0 len=3 b0 35 00 
  169843.8 W snd/midiC2D0 len=3 b0 35 03 
  170197.8 W snd/midiC2D0 len=3 b0 35 00 
  170551.8 W snd/midiC2D0 len=3 b0 35 03 
  170902.8 W snd/midiC2D0 len=3 b0 35 00 
  171256.8 W snd/midiC2D0 len=3 b0 35 03 
  171564.8 W snd/midiC2D0 len=12 f0 47 00 3a 52 00 04 34 38 7a 00 f7 
  171607.7 W snd/midiC2D0 len=3 b0 35 00 
  171961.8 W snd/midiC2D0 len=3 b0 35 03 
  172313.8 W snd/midiC2D0 len=3 b0 35 00 
  172667.8 W snd/midiC2D0 len=3 b0 35 03 
  173021.8 W snd/midiC2D0 len=3 b0 35 00 
  173372.8 W snd/midiC2D0 len=3 b0 35 03 
  173726.6 W snd/midiC2D0 len=3 b0 35 00 
  174077.6 W snd/midiC2D0 len=3 b0 35 03 
  174431.8 W snd/midiC2D0 len=3 b0 35 00 
  174786.8 W snd/midiC2D0 len=3 b0 35 03 
  175137.8 W snd/midiC2D0 len=3 b0 35 00 
  175491.7 W snd/midiC2D0 len=3 b0 35 03 
  175563.7 W snd/midiC2D0 len=12 f0 47 00 3a 52 00 04 34 38 7a 00 f7 
  175842.7 W snd/midiC2D0 len=3 b0 35 00 
  176196.6 W snd/midiC2D0 len=3 b0 35 03 
  176550.6 W snd/midiC2D0 len=3 b0 35 00 
  176901.7 W snd/midiC2D0 len=3 b0 35 03 
  177256.7 W snd/midiC2D0 len=3 b0 35 00 
  177607.7 W snd/midiC2D0 len=3 b0 35 03 
  177961.7 W snd/midiC2D0 len=3 b0 35 00 
  178315.7 W snd/midiC2D0 len=3 b0 35 03 
  178666.6 W snd/midiC2D0 len=3 b0 35 00 
  179020.6 W snd/midiC2D0 len=3 b0 35 03 
  179372.7 W snd/midiC2D0 len=3 b0 35 00 
  179563.6 W snd/midiC2D0 len=12 f0 47 00 3a 52 00 04 34 38 7a 00 f7 
  179726.7 W snd/midiC2D0 len=3 b0 35 03 
  180080.7 W snd/midiC2D0 len=3 b0 35 00 
  180431.7 W snd/midiC2D0 len=3 b0 35 03 
  180785.7 W snd/midiC2D0 len=3 b0 35 00 
  181136.6 W snd/midiC2D0 len=3 b0 35 03 
  181490.7 W snd/midiC2D0 len=3 b0 35 00 
  181845.7 W snd/midiC2D0 len=3 b0 35 03 
  182196.7 W snd/midiC2D0 len=3 b0 35 00 
  182550.7 W snd/midiC2D0 len=3 b0 35 03 
  182901.6 W snd/midiC2D0 len=3 b0 35 00 
  183255.6 W snd/midiC2D0 len=3 b0 35 03 
  183563.6 W snd/midiC2D0 len=12 f0 47 00 3a 52 00 04 34 38 7a 00 f7 
  183609.5 W snd/midiC2D0 len=3 b0 35 00 
  183960.6 W snd/midiC2D0 len=3 b0 35 03 
  184315.7 W snd/midiC2D0 len=3 b0 35 00 
  184666.6 W snd/midiC2D0 len=3 b0 35 03 
  185020.6 W snd/midiC2D0 len=3 b0 35 00 
  185374.6 W snd/midiC2D0 len=3 b0 35 03 
  185725.5 W snd/midiC2D0 len=3 b0 35 00 
  186079.5 W snd/midiC2D0 len=3 b0 35 03 
  186431.6 W snd/midiC2D0 len=3 b0 35 00 
  186785.6 W snd/midiC2D0 len=3 b0 35 03 
  187139.6 W snd/midiC2D0 len=3 b0 35 00 
  187490.6 W snd/midiC2D0 len=3 b0 35 03 
  187563.6 W snd/midiC2D0 len=12 f0 47 00 3a 52 00 04 34 38 7a 00 f7 
  187844.6 W snd/midiC2D0 len=3 b0 35 00 
  188195.5 W snd/midiC2D0 len=3 b0 35 03 
  188549.6 W snd/midiC2D0 len=3 b0 35 00 
  188903.6 W snd/midiC2D0 len=3 b0 35 03 
  189255.6 W snd/midiC2D0 len=3 b0 35 00 
  189609.6 W snd/midiC2D0 len=3 b0 35 03 
  189960.6 W snd/midiC2D0 len=3 b0 35 00 
  190314.4 W snd/midiC2D0 len=3 b0 35 03 
  190668.4 W snd/midiC2D0 len=3 b0 35 00 
  191019.6 W snd/midiC2D0 len=3 b0 35 03 
  191374.6 W snd/midiC2D0 len=3 b0 35 00 
  191565.4 W snd/midiC2D0 len=12 f0 47 00 3a 52 00 04 34 38 7a 00 f7 
  191725.6 W snd/midiC2D0 len=3 b0 35 03 
  192079.6 W snd/midiC2D0 len=3 b0 35 00 
  192433.5 W snd/midiC2D0 len=3 b0 35 03 
  192784.4 W snd/midiC2D0 len=3 b0 35 00 
  193138.4 W snd/midiC2D0 len=3 b0 35 03 
  193489.5 W snd/midiC2D0 len=3 b0 35 00 
  193844.5 W snd/midiC2D0 len=3 b0 35 03 
  194198.5 W snd/midiC2D0 len=3 b0 35 00 
  194549.5 W snd/midiC2D0 len=3 b0 35 03 
  194903.5 W snd/midiC2D0 len=3 b0 35 00 
  195254.4 W snd/midiC2D0 len=3 b0 35 03 
  195565.5 W snd/midiC2D0 len=12 f0 47 00 3a 52 00 04 34 38 7a 00 f7 
  195608.4 W snd/midiC2D0 len=3 b0 35 00 
  195962.5 W snd/midiC2D0 len=3 b0 35 03 
  196314.5 W snd/midiC2D0 len=3 b0 35 00 
  196668.5 W snd/midiC2D0 len=3 b0 35 03 
  197019.5 W snd/midiC2D0 len=3 b0 35 00 
  197373.5 W snd/midiC2D0 len=3 b0 35 03 
  197727.3 W snd/midiC2D0 len=3 b0 35 00 
  198078.5 W snd/midiC2D0 len=3 b0 35 03 
  198433.5 W snd/midiC2D0 len=3 b0 35 00 
  198784.5 W snd/midiC2D0 len=3 b0 35 03 
  199138.4 W snd/midiC2D0 len=3 b0 35 00 
  199492.5 W snd/midiC2D0 len=3 b0 35 03 
  199564.4 W snd/midiC2D0 len=12 f0 47 00 3a 52 00 04 34 38 7a 00 f7 
  199843.4 W snd/midiC2D0 len=3 b0 35 00 
  200197.3 W snd/midiC2D0 len=3 b0 35 03 
  200548.4 W snd/midiC2D0 len=3 b0 35 00 
  200903.4 W snd/midiC2D0 len=3 b0 35 03 
  201257.4 W snd/midiC2D0 len=3 b0 35 00 
  201608.4 W snd/midiC2D0 len=3 b0 35 03 
  201962.4 W snd/midiC2D0 len=3 b0 35 00 
  202313.3 W snd/midiC2D0 len=3 b0 35 03 
  202667.3 W snd/midiC2D0 len=3 b0 35 00 
  203021.4 W snd/midiC2D0 len=3 b0 35 03 
  203373.4 W snd/midiC2D0 len=3 b0 35 00 
  203564.3 W snd/midiC2D0 len=12 f0 47 00 3a 52 00 04 34 38 7a 00 f7 
  203727.4 W snd/midiC2D0 len=3 b0 35 03 
  204078.4 W snd/midiC2D0 len=3 b0 35 00 
  204432.4 W snd/midiC2D0 len=3 b0 35 03 
  204786.2 W snd/midiC2D0 len=3 b0 35 00 
  205137.4 W snd/midiC2D0 len=3 b0 35 03 
  205491.4 W snd/midiC2D0 len=3 b0 35 00 
  205843.4 W snd/midiC2D0 len=3 b0 35 03 
  206197.4 W snd/midiC2D0 len=3 b0 35 00 
  206551.3 W snd/midiC2D0 len=3 b0 35 03 
  206902.3 W snd/midiC2D0 len=3 b0 35 00 
  207256.2 W snd/midiC2D0 len=3 b0 35 03 
  207564.3 W snd/midiC2D0 len=12 f0 47 00 3a 52 00 04 34 38 7a 00 f7 
  207607.3 W snd/midiC2D0 len=3 b0 35 00 
  207962.3 W snd/midiC2D0 len=3 b0 35 03 
  208316.3 W snd/midiC2D0 len=3 b0 35 00 
  208667.3 W snd/midiC2D0 len=3 b0 35 03 
  209021.3 W snd/midiC2D0 len=3 b0 35 00 
  209372.2 W snd/midiC2D0 len=3 b0 35 03 
  209726.2 W snd/midiC2D0 len=3 b0 35 00 
  210080.3 W snd/midiC2D0 len=3 b0 35 03 
  210432.3 W snd/midiC2D0 len=3 b0 35 00 
  210786.3 W snd/midiC2D0 len=3 b0 35 03 
  211137.3 W snd/midiC2D0 len=3 b0 35 00 
  211491.3 W snd/midiC2D0 len=3 b0 35 03 
  211564.3 W snd/midiC2D0 len=12 f0 47 00 3a 52 00 04 34 38 7a 00 f7 
  211845.2 W snd/midiC2D0 len=3 b0 35 00 
  212196.2 W snd/midiC2D0 len=3 b0 35 03 
  212550.3 W snd/midiC2D0 len=3 b0 35 00 
  212902.3 W snd/midiC2D0 len=3 b0 35 03 
  213256.2 W snd/midiC2D0 len=3 b0 35 00 
  213610.3 W snd/midiC2D0 len=3 b0 35 03 
  213961.2 W snd/midiC2D0 len=3 b0 35 00 
  214315.1 W snd/midiC2D0 len=3 b0 35 03 
  214666.2 W snd/midiC2D0 len=3 b0 35 00 
  215020.2 W snd/midiC2D0 len=3 b0 35 03 
  215375.2 W snd/midiC2D0 len=3 b0 35 00 
  215566.1 W snd/midiC2D0 len=12 f0 47 00 3a 52 00 04 34 38 7a 00 f7 
  215726.2 W snd/midiC2D0 len=3 b0 35 03 
  216080.2 W snd/midiC2D0 len=3 b0 35 00 
  216431.1 W snd/midiC2D0 len=3 b0 35 03 
  216785.1 W snd/midiC2D0 len=3 b0 35 00 
  217139.1 W snd/midiC2D0 len=3 b0 35 03 
  217491.2 W snd/midiC2D0 len=3 b0 35 00 
  217845.2 W snd/midiC2D0 len=3 b0 35 03 
  218196.2 W snd/midiC2D0 len=3 b0 35 00 
  218550.2 W snd/midiC2D0 len=3 b0 35 03 
  218904.2 W snd/midiC2D0 len=3 b0 35 00 
  219255.0 W snd/midiC2D0 len=3 b0 35 03 
  219566.1 W snd/midiC2D0 len=12 f0 47 00 3a 52 00 04 34 38 7a 00 f7 
  219609.2 W snd/midiC2D0 len=3 b0 35 00 
  219961.1 W snd/midiC2D0 len=3 b0 35 03 
  220315.1 W snd/midiC2D0 len=3 b0 35 00 
  220669.2 W snd/midiC2D0 len=3 b0 35 03 
  221020.1 W snd/midiC2D0 len=3 b0 35 00 
  221374.0 W snd/midiC2D0 len=3 b0 35 03 
  221725.0 W snd/midiC2D0 len=3 b0 35 00 
  222079.1 W snd/midiC2D0 len=3 b0 35 03 
  222434.1 W snd/midiC2D0 len=3 b0 35 00 
  222785.1 W snd/midiC2D0 len=3 b0 35 03 
  223139.1 W snd/midiC2D0 len=3 b0 35 00 
  223490.1 W snd/midiC2D0 len=3 b0 35 03 
  223566.1 W snd/midiC2D0 len=12 f0 47 00 3a 52 00 04 34 38 7a 00 f7 
  223844.0 W snd/midiC2D0 len=3 b0 35 00 
  224198.0 W snd/midiC2D0 len=3 b0 35 03 
  224550.2 W snd/midiC2D0 len=3 b0 35 00 
  224904.1 W snd/midiC2D0 len=3 b0 35 03 
  225255.1 W snd/midiC2D0 len=3 b0 35 00 
  225609.0 W snd/midiC2D0 len=3 b0 35 03 
  225963.1 W snd/midiC2D0 len=3 b0 35 00 
  226313.9 W snd/midiC2D0 len=3 b0 35 03 
  226668.1 W snd/midiC2D0 len=3 b0 35 00 
  227020.0 W snd/midiC2D0 len=3 b0 35 03 
  227374.0 W snd/midiC2D0 len=3 b0 35 00 
  227564.9 W snd/midiC2D0 len=12 f0 47 00 3a 52 00 04 34 38 7a 00 f7 
  227728.0 W snd/midiC2D0 len=3 b0 35 03 
  228079.0 W snd/midiC2D0 len=3 b0 35 00 
  228432.9 W snd/midiC2D0 len=3 b0 35 03 
  228783.9 W snd/midiC2D0 len=3 b0 35 00 
  229138.0 W snd/midiC2D0 len=3 b0 35 03 
  229493.0 W snd/midiC2D0 len=3 b0 35 00 
  229844.0 W snd/midiC2D0 len=3 b0 35 03 
  230198.0 W snd/midiC2D0 len=3 b0 35 00 
  230549.0 W snd/midiC2D0 len=3 b0 35 03 
  230902.9 W snd/midiC2D0 len=3 b0 35 00 
  231256.8 W snd/midiC2D0 len=3 b0 35 03 
  231565.0 W snd/midiC2D0 len=12 f0 47 00 3a 52 00 04 34 38 7a 00 f7 
  231608.0 W snd/midiC2D0 len=3 b0 35 00 
  231963.0 W snd/midiC2D0 len=3 b0 35 03 
  232314.0 W snd/midiC2D0 len=3 b0 35 00 
  232667.9 W snd/midiC2D0 len=3 b0 35 03 
  233021.9 W snd/midiC2D0 len=3 b0 35 00 
  233372.8 W snd/midiC2D0 len=3 b0 35 03 
  233726.8 W snd/midiC2D0 len=3 b0 35 00 
  234078.9 W snd/midiC2D0 len=3 b0 35 03 
  234432.9 W snd/midiC2D0 len=3 b0 35 00 
  234786.9 W snd/midiC2D0 len=3 b0 35 03 
  235137.9 W snd/midiC2D0 len=3 b0 35 00 
  235491.9 W snd/midiC2D0 len=3 b0 35 03 
  235564.9 W snd/midiC2D0 len=12 f0 47 00 3a 52 00 04 34 38 7a 00 f7 
  235842.8 W snd/midiC2D0 len=3 b0 35 00 
  236196.9 W snd/midiC2D0 len=3 b0 35 03 
  236551.0 W snd/midiC2D0 len=3 b0 35 00 
  236902.9 W snd/midiC2D0 len=3 b0 35 03 
  237256.9 W snd/midiC2D0 len=3 b0 35 00 
  237607.9 W snd/midiC2D0 len=3 b0 35 03 
  237961.7 W snd/midiC2D0 len=3 b0 35 00 
  238315.7 W snd/midiC2D0 len=3 b0 35 03 
  238666.9 W snd/midiC2D0 len=3 b0 35 00 
  239021.8 W snd/midiC2D0 len=3 b0 35 03 
  239372.8 W snd/midiC2D0 len=3 b0 35 00 
  239563.7 W snd/midiC2D0 len=12 f0 47 00 3a 52 00 04 34 38 7a 00 f7 
  239726.8 W snd/midiC2D0 len=3 b0 35 03 
  240080.8 W snd/midiC2D0 len=3 b0 35 00 
  240431.7 W snd/midiC2D0 len=3 b0 35 03 
  240785.7 W snd/midiC2D0 len=3 b0 35 00 
  241136.8 W snd/midiC2D0 len=3 b0 35 03 
  241491.8 W snd/midiC2D0 len=3 b0 35 00 
  241845.8 W snd/midiC2D0 len=3 b0 35 03 
  242196.8 W snd/midiC2D0 len=3 b0 35 00 
  242550.8 W snd/midiC2D0 len=3 b0 35 03 
  242901.7 W snd/midiC2D0 len=3 b0 35 00 
  243255.8 W snd/midiC2D0 len=3 b0 35 03 
  243563.8 W snd/midiC2D0 len=12 f0 47 00 3a 52 00 04 34 38 7a 00 f7 
  243609.8 W snd/midiC2D0 len=3 b0 35 00 
  243961.8 W snd/midiC2D0 len=3 b0 35 03 
  244315.8 W snd/midiC2D0 len=3 b0 35 00 
  244666.7 W snd/midiC2D0 len=3 b0 35 03 
  245020.8 W snd/midiC2D0 len=3 b0 35 00 
  245374.6 W snd/midiC2D0 len=3 b0 35 03 
  245725.7 W snd/midiC2D0 len=3 b0 35 00 
  246080.7 W snd/midiC2D0 len=3 b0 35 03 
  246431.7 W snd/midiC2D0 len=3 b0 35 00 
  246785.7 W snd/midiC2D0 len=3 b0 35 03 
  247139.7 W snd/midiC2D0 len=3 b0 35 00 
  247490.6 W snd/midiC2D0 len=3 b0 35 03 
  247563.7 W snd/midiC2D0 len=12 f0 47 00 3a 52 00 04 34 38 7a 00 f7 
  247844.6 W snd/midiC2D0 len=3 b0 35 00 
  248195.7 W snd/midiC2D0 len=3 b0 35 03 
  248550.7 W snd/midiC2D0 len=3 b0 35 00 
  248904.8 W snd/midiC2D0 len=3 b0 35 03 
  249255.7 W snd/midiC2D0 len=3 b0 35 00 
  249609.7 W snd/midiC2D0 len=3 b0 35 03 
  249960.5 W snd/midiC2D0 len=3 b0 35 00 
  250314.5 W snd/midiC2D0 len=3 b0 35 03 
  250668.6 W snd/midiC2D0 len=3 b0 35 00 
  251020.7 W snd/midiC2D0 len=3 b0 35 03 
  251374.6 W snd/midiC2D0 len=3 b0 35 00 
  251565.5 W snd/midiC2D0 len=12 f0 47 00 3a 52 00 04 34 38 7a 00 f7 
  251725.6 W snd/midiC2D0 len=3 b0 35 03 
  252079.6 W snd/midiC2D0 len=3 b0 35 00 
  252433.5 W snd/midiC2D0 len=3 b0 35 03 
  252784.6 W snd/midiC2D0 len=3 b0 35 00 
  253138.6 W snd/midiC2D0 len=3 b0 35 03 
  253490.6 W snd/midiC2D0 len=3 b0 35 00 
  253844.6 W snd/midiC2D0 len=3 b0 35 03 
  254198.6 W snd/midiC2D0 len=3 b0 35 00 
  254549.5 W snd/midiC2D0 len=3 b0 35 03 
  254903.4 W snd/midiC2D0 len=3 b0 35 00 
  255254.6 W snd/midiC2D0 len=3 b0 35 03 
  255565.6 W snd/midiC2D0 len=12 f0 47 00 3a 52 00 04 34 38 7a 00 f7 
  255609.6 W snd/midiC2D0 len=3 b0 35 00 
  255963.6 W snd/midiC2D0 len=3 b0 35 03 
  256314.6 W snd/midiC2D0 len=3 b0 35 00 
  256668.6 W snd/midiC2D0 len=3 b0 35 03 
  257019.4 W snd/midiC2D0 len=3 b0 35 00 
  257373.4 W snd/midiC2D0 len=3 b0 35 03 
  257727.6 W snd/midiC2D0 len=3 b0 35 00 
  258079.5 W snd/midiC2D0 len=3 b0 35 03 
  258433.5 W snd/midiC2D0 len=3 b0 35 00 
  258784.5 W snd/midiC2D0 len=3 b0 35 03 
  259138.5 W snd/midiC2D0 len=3 b0 35 00 
  259492.4 W snd/midiC2D0 len=3 b0 35 03 
  259565.5 W snd/midiC2D0 len=12 f0 47 00 3a 52 00 04 34 38 7a 00 f7 
  259843.4 W snd/midiC2D0 len=3 b0 35 00 
  260197.5 W snd/midiC2D0 len=3 b0 35 03 
  260549.5 W snd/midiC2D0 len=3 b0 35 00 
  260903.5 W snd/midiC2D0 len=3 b0 35 03 
  261257.5 W snd/midiC2D0 len=3 b0 35 00 
  261608.5 W snd/midiC2D0 len=3 b0 35 03 
  261962.3 W snd/midiC2D0 len=3 b0 35 00 
  262313.4 W snd/midiC2D0 len=3 b0 35 03 
  262668.4 W snd/midiC2D0 len=3 b0 35 00 
  263022.4 W snd/midiC2D0 len=3 b0 35 03 
  263373.4 W snd/midiC2D0 len=3 b0 35 00 
  263564.4 W snd/midiC2D0 len=12 f0 47 00 3a 52 00 04 34 38 7a 00 f7 
  263727.4 W snd/midiC2D0 len=3 b0 35 03 
  264078.3 W snd/midiC2D0 len=3 b0 35 00 
  264432.3 W snd/midiC2D0 len=3 b0 35 03 
  264786.4 W snd/midiC2D0 len=3 b0 35 00 
  265138.4 W snd/midiC2D0 len=3 b0 35 03 
  265492.4 W snd/midiC2D0 len=3 b0 35 00 
  265843.4 W snd/midiC2D0 len=3 b0 35 03 
  266197.4 W snd/midiC2D0 len=3 b0 35 00 
  266551.4 W snd/midiC2D0 len=3 b0 35 03 
  266902.2 W snd/midiC2D0 len=3 b0 35 00 
  267256.3 W snd/midiC2D0 len=3 b0 35 03 
  267564.3 W snd/midiC2D0 len=12 f0 47 00 3a 52 00 04 34 38 7a 00 f7 
  267608.4 W snd/midiC2D0 len=3 b0 35 00 
  267962.3 W snd/midiC2D0 len=3 b0 35 03 
  268313.3 W snd/midiC2D0 len=3 b0 35 00 
  268667.3 W snd/midiC2D0 len=3 b0 35 03 
  269021.2 W snd/midiC2D0 len=3 b0 35 00 
  269372.3 W snd/midiC2D0 len=3 b0 35 03 
  269726.3 W snd/midiC2D0 len=3 b0 35 00 
  270078.3 W snd/midiC2D0 len=3 b0 35 03 
  270432.3 W snd/midiC2D0 len=3 b0 35 00 
  270786.3 W snd/midiC2D0 len=3 b0 35 03 
  271137.2 W snd/midiC2D0 len=3 b0 35 00 
  271491.3 W snd/midiC2D0 len=3 b0 35 03 
  271564.3 W snd/midiC2D0 len=12 f0 47 00 3a 52 00 04 34 38 7a 00 f7 
  271842.3 W snd/midiC2D0 len=3 b0 35 00 
  272197.3 W snd/midiC2D0 len=3 b0 35 03 
  272551.3 W snd/midiC2D0 len=3 b0 35 00 
  272902.2 W snd/midiC2D0 len=3 b0 35 03 
  273256.2 W snd/midiC2D0 len=3 b0 35 00 
  273607.1 W snd/midiC2D0 len=3 b0 35 03 
  273961.1 W snd/midiC2D0 len=3 b0 35 00 
  274315.2 W snd/midiC2D0 len=3 b0 35 03 
  274667.2 W snd/midiC2D0 len=3 b0 35 00 
  275021.2 W snd/midiC2D0 len=3 b0 35 03 
  275372.2 W snd/midiC2D0 len=3 b0 35 00 
  275566.2 W snd/midiC2D0 len=12 f0 47 00 3a 52 00 04 34 38 7a 00 f7 
  275726.2 W snd/midiC2D0 len=3 b0 35 03 
  276080.1 W snd/midiC2D0 len=3 b0 35 00 
  276431.1 W snd/midiC2D0 len=3 b0 35 03 
  276785.2 W snd/midiC2D0 len=3 b0 35 00 
  277137.2 W snd/midiC2D0 len=3 b0 35 03 
  277491.2 W snd/midiC2D0 len=3 b0 35 00 
  277845.1 W snd/midiC2D0 len=3 b0 35 03 
  278196.2 W snd/midiC2D0 len=3 b0 35 00 
  278550.0 W snd/midiC2D0 len=3 b0 35 03 
  278901.1 W snd/midiC2D0 len=3 b0 35 00 
  279255.2 W snd/midiC2D0 len=3 b0 35 03 
  279566.1 W snd/midiC2D0 len=12 f0 47 00 3a 52 00 04 34 38 7a 00 f7 
  279610.1 W snd/midiC2D0 len=3 b0 35 00 
  279961.1 W snd/midiC2D0 len=3 b0 35 03 
  280315.1 W snd/midiC2D0 len=3 b0 35 00 
  280666.0 W snd/midiC2D0 len=3 b0 35 03 
  281020.0 W snd/midiC2D0 len=3 b0 35 00 
  281374.1 W snd/midiC2D0 len=3 b0 35 03 
  281726.1 W snd/midiC2D0 len=3 b0 35 00 
  282080.1 W snd/midiC2D0 len=3 b0 35 03 
  282431.1 W snd/midiC2D0 len=3 b0 35 00 
  282785.0 W snd/midiC2D0 len=3 b0 35 03 
  283139.1 W snd/midiC2D0 len=3 b0 35 00 
  283489.9 W snd/midiC2D0 len=3 b0 35 03 
  283566.0 W snd/midiC2D0 len=12 f0 47 00 3a 52 00 04 34 38 7a 00 f7 
  283844.0 W snd/midiC2D0 len=3 b0 35 00 
  284196.0 W snd/midiC2D0 len=3 b0 35 03 
  284550.0 W snd/midiC2D0 len=3 b0 35 00 
  284904.0 W snd/midiC2D0 len=3 b0 35 03 
  285255.0 W snd/midiC2D0 len=3 b0 35 00 
  285608.9 W snd/midiC2D0 len=3 b0 35 03 
  285959.9 W snd/midiC2D0 len=3 b0 35 00 
  286314.1 W snd/midiC2D0 len=3 b0 35 03 
  286669.0 W snd/midiC2D0 len=3 b0 35 00 
  287020.0 W snd/midiC2D0 len=3 b0 35 03 
  287374.0 W snd/midiC2D0 len=3 b0 35 00 
  287565.0 W snd/midiC2D0 len=12 f0 47 00 3a 52 00 04 34 38 7a 00 f7 
  287725.0 W snd/midiC2D0 len=3 b0 35 03 
  288078.8 W snd/midiC2D0 len=3 b0 35 00 
  288433.0 W snd/midiC2D0 len=3 b0 35 03 
  288784.9 W snd/midiC2D0 len=3 b0 35 00 
  289138.9 W snd/midiC2D0 len=3 b0 35 03 
  289489.9 W snd/midiC2D0 len=3 b0 35 00 
  289843.9 W snd/midiC2D0 len=3 b0 35 03 
  290197.9 W snd/midiC2D0 len=3 b0 35 00 
  290548.8 W snd/midiC2D0 len=3 b0 35 03 
  290902.9 W snd/midiC2D0 len=3 b0 35 00 
  291254.9 W snd/midiC2D0 len=3 b0 35 03 
  291564.8 W snd/midiC2D0 len=12 f0 47 00 3a 52 00 04 34 38 7a 00 f7 
  291608.9 W snd/midiC2D0 len=3 b0 35 00 
  291962.9 W snd/midiC2D0 len=3 b0 35 03 
  292313.9 W snd/midiC2D0 len=3 b0 35 00 
  292667.8 W snd/midiC2D0 len=3 b0 35 03 
  293018.8 W snd/midiC2D0 len=3 b0 35 00 
  293372.8 W snd/midiC2D0 len=3 b0 35 03 
  293727.8 W snd/midiC2D0 len=3 b0 35 00 
  294078.9 W snd/midiC2D0 len=3 b0 35 03 
  294432.8 W snd/midiC2D0 len=3 b0 35 00 
  294783.8 W snd/midiC2D0 len=3 b0 35 03 
  295137.8 W snd/midiC2D0 len=3 b0 35 00 
  295491.7 W snd/midiC2D0 len=3 b0 35 03 
  295564.8 W snd/midiC2D0 len=12 f0 47 00 3a 52 00 04 34 38 7a 00 f7 
  295842.8 W snd/midiC2D0 len=3 b0 35 00 
  296197.8 W snd/midiC2D0 len=3 b0 35 03 
  296548.8 W snd/midiC2D0 len=3 b0 35 00 
  296902.8 W snd/midiC2D0 len=3 b0 35 03 
  297256.8 W snd/midiC2D0 len=3 b0 35 00 
  297607.6 W snd/midiC2D0 len=3 b0 35 03 
  297961.6 W snd/midiC2D0 len=3 b0 35 00 
  298313.7 W snd/midiC2D0 len=3 b0 35 03 
  298667.8 W snd/midiC2D0 len=3 b0 35 00 
  299021.7 W snd/midiC2D0 len=3 b0 35 03 
  299372.7 W snd/midiC2D0 len=3 b0 35 00 
  299564.7 W snd/midiC2D0 len=12 f0 47 00 3a 52 00 04 34 38 7a 00 f7 
  299726.7 W snd/midiC2D0 len=3 b0 35 03 
  300077.6 W snd/midiC2D0 len=3 b0 35 00 
  300431.7 W snd/midiC2D0 len=3 b0 35 03 
  300785.7 W snd/midiC2D0 len=3 b0 35 00 
  301137.7 W snd/midiC2D0 len=3 b0 35 03 
  301491.7 W snd/midiC2D0 len=3 b0 35 00 
  301842.7 W snd/midiC2D0 len=3 b0 35 03 
  302196.6 W snd/midiC2D0 len=3 b0 35 00 
  302550.5 W snd/midiC2D0 len=3 b0 35 03 
  302901.7 W snd/midiC2D0 len=3 b0 35 00 
  303256.6 W snd/midiC2D0 len=3 b0 35 03 
  303563.5 W snd/midiC2D0 len=12 f0 47 00 3a 52 00 04 34 38 7a 00 f7 
  303607.7 W snd/midiC2D0 len=3 b0 35 00 
  303961.6 W snd/midiC2D0 len=3 b0 35 03 
  304315.6 W snd/midiC2D0 len=3 b0 35 00 
  304666.5 W snd/midiC2D0 len=3 b0 35 03 
  305020.5 W snd/midiC2D0 len=3 b0 35 00 
  305372.6 W snd/midiC2D0 len=3 b0 35 03 
  305726.6 W snd/midiC2D0 len=3 b0 35 00 
  306080.6 W snd/midiC2D0 len=3 b0 35 03 
  306431.6 W snd/midiC2D0 len=3 b0 35 00 
  306785.6 W snd/midiC2D0 len=3 b0 35 03 
  307136.4 W snd/midiC2D0 len=3 b0 35 00 
  307490.6 W snd/midiC2D0 len=3 b0 35 03 
  307563.5 W snd/midiC2D0 len=12 f0 47 00 3a 52 00 04 34 38 7a 00 f7 
  307844.6 W snd/midiC2D0 len=3 b0 35 00 
  308196.6 W snd/midiC2D0 len=3 b0 35 03 
  308445.6 W snd/midiC2D0 len=12 bf 00 33 bf 01 19 bf 02 7f bf 03 7f 
  308448.4 W snd/midiC2D0 len=36 f0 47 7f 3a 65 00 04 00 00 7f 00 f7 f0 47 7f 3a 65 00 04 07 00 2a 11 f7 f0 47 7f 3a 65 00 04 0e 00 2a 11 f7 
  308550.6 W snd/midiC2D0 len=3 b0 35 00 
  308901.6 W snd/midiC2D0 len=3 b0 35 03 
  309255.5 W snd/midiC2D0 len=3 b0 35 00 
  309609.4 W snd/midiC2D0 len=3 b0 35 03 
  309960.5 W snd/midiC2D0 len=3 b0 35 00 
  310315.5 W snd/midiC2D0 len=3 b0 35 03 
  310666.5 W snd/midiC2D0 len=3 b0 35 00 
  311020.5 W snd/midiC2D0 len=3 b0 35 03 
  311374.5 W snd/midiC2D0 len=3 b0 35 00 
  311563.5 W snd/midiC2D0 len=12 f0 47 00 3a 52 00 04 34 38 7a 00 f7 
  311725.5 W snd/midiC2D0 len=3 b0 35 03 
  312079.3 W snd/midiC2D0 len=3 b0 35 00 
  312430.5 W snd/midiC2D0 len=3 b0 35 03 
  312785.5 W snd/midiC2D0 len=3 b0 35 00 
  313139.4 W snd/midiC2D0 len=3 b0 35 03 
  313490.4 W snd/midiC2D0 len=3 b0 35 00 
  313844.4 W snd/midiC2D0 len=3 b0 35 03 
  314195.3 W snd/midiC2D0 len=3 b0 35 00 
  314549.3 W snd/midiC2D0 len=3 b0 35 03 
  314903.4 W snd/midiC2D0 len=3 b0 35 00 
  315255.4 W snd/midiC2D0 len=3 b0 35 03 
  315565.2 W snd/midiC2D0 len=12 f0 47 00 3a 52 00 04 34 38 7a 00 f7 
  315609.4 W snd/midiC2D0 len=3 b0 35 00 
  315960.4 W snd/midiC2D0 len=3 b0 35 03 
  316314.4 W snd/midiC2D0 len=3 b0 35 00 
  316668.2 W snd/midiC2D0 len=3 b0 35 03 
  317019.4 W snd/midiC2D0 len=3 b0 35 00 
  317373.4 W snd/midiC2D0 len=3 b0 35 03 
  317725.4 W snd/midiC2D0 len=3 b0 35 00 
  318079.3 W snd/midiC2D0 len=3 b0 35 03 
  318433.3 W snd/midiC2D0 len=3 b0 35 00 
  318784.2 W snd/midiC2D0 len=3 b0 35 03 
  319138.2 W snd/midiC2D0 len=3 b0 35 00 
  319489.3 W snd/midiC2D0 len=3 b0 35 03 
  319565.3 W snd/midiC2D0 len=12 f0 47 00 3a 52 00 04 34 38 7a 00 f7 
  319844.3 W snd/midiC2D0 len=3 b0 35 00 
  320198.3 W snd/midiC2D0 len=3 b0 35 03 
  320549.3 W snd/midiC2D0 len=3 b0 35 00 
  320903.3 W snd/midiC2D0 len=3 b0 35 03 
  321254.3 W snd/midiC2D0 len=3 b0 35 00 
  321608.1 W snd/midiC2D0 len=3 b0 35 03 
  321962.2 W snd/midiC2D0 len=3 b0 35 00 
  322314.2 W snd/midiC2D0 len=3 b0 35 03 
  322668.2 W snd/midiC2D0 len=3 b0 35 00 
  323019.2 W snd/midiC2D0 len=3 b0 35 03 
  323373.3 W snd/midiC2D0 len=3 b0 35 00 
  323565.2 W snd/midiC2D0 len=12 f0 47 00 3a 52 00 04 34 38 7a 00 f7 
  323727.1 W snd/midiC2D0 len=3 b0 35 03 
  324078.1 W snd/midiC2D0 len=3 b0 35 00 
  324409.2 W snd/midiC2D0 len=6 bf 02 00 bf 03 00 
  324412.1 W snd/midiC2D0 len=36 f0 47 7f 3a 65 00 04 00 7f 00 00 f7 f0 47 7f 3a 65 00 04 07 7f 00 00 f7 f0 47 7f 3a 65 00 04 0e 7f 00 00 f7 
  324432.2 W snd/midiC2D0 len=3 b0 35 03 
  324784.2 W snd/midiC2D0 len=3 b0 35 00 
  325138.2 W snd/midiC2D0 len=3 b0 35 03 
  325492.2 W snd/midiC2D0 len=3 b0 35 00 
  325843.2 W snd/midiC2D0 len=3 b0 35 03 
  326133.1 W snd/midiC2D0 len=6 b0 43 00 b0 43 03 
  326197.1 W snd/midiC2D0 len=3 b0 35 00 
  326548.2 W snd/midiC2D0 len=3 b0 35 03 
  326903.1 W snd/midiC2D0 len=3 b0 35 00 
  327257.1 W snd/midiC2D0 len=3 b0 35 03 
  327434.2 W snd/midiC2D0 len=6 b0 43 00 b0 43 03 
  327564.0 W snd/midiC2D0 len=12 f0 47 00 3a 52 00 04 34 38 7a 00 f7 
  327608.1 W snd/midiC2D0 len=3 b0 35 00 
  327736.2 W snd/midiC2D0 len=6 b0 43 00 b0 43 03 
  327962.1 W snd/midiC2D0 len=3 b0 35 03 
  328313.0 W snd/midiC2D0 len=3 b0 35 00 
  328667.2 W snd/midiC2D0 len=9 bf 02 7f bf 03 7f b0 35 03 
  328670.0 W snd/midiC2D0 len=36 f0 47 7f 3a 65 00 04 00 00 7f 00 f7 f0 47 7f 3a 65 00 04 07 00 2a 11 f7 f0 47 7f 3a 65 00 04 0e 00 2a 11 f7 
  329021.1 W snd/midiC2D0 len=3 b0 35 00 
  329373.1 W snd/midiC2D0 len=3 b0 35 03 
  329727.1 W snd/midiC2D0 len=3 b0 35 00 
  330078.1 W snd/midiC2D0 len=3 b0 35 03 
  330432.1 W snd/midiC2D0 len=3 b0 35 00 
  330786.1 W snd/midiC2D0 len=3 b0 35 03 
  331136.9 W snd/midiC2D0 len=3 b0 35 00 
  331491.0 W snd/midiC2D0 len=3 b0 35 03 
  331564.0 W snd/midiC2D0 len=12 f0 47 00 3a 52 00 04 34 38 7a 00 f7 
  331843.0 W snd/midiC2D0 len=3 b0 35 00 
  332197.0 W snd/midiC2D0 len=3 b0 35 03 
  332551.0 W snd/midiC2D0 len=3 b0 35 00 
  332902.0 W snd/midiC2D0 len=3 b0 35 03 
  333255.9 W snd/midiC2D0 len=3 b0 35 00 
  333607.0 W snd/midiC2D0 len=3 b0 35 03 
  333961.0 W snd/midiC2D0 len=3 b0 35 00 
  334316.0 W snd/midiC2D0 len=3 b0 35 03 
  334603.2 W snd/midiC2D0 len=6 bf 02 00 bf 03 00 
  334606.0 W snd/midiC2D0 len=36 f0 47 7f 3a 65 00 04 00 7f 00 00 f7 f0 47 7f 3a 65 00 04 07 7f 00 00 f7 f0 47 7f 3a 65 00 04 0e 7f 00 00 f7 
  334667.0 W snd/midiC2D0 len=3 b0 35 00 
  335021.0 W snd/midiC2D0 len=3 b0 35 03 
  335371.9 W snd/midiC2D0 len=3 b0 35 00 
  335564.0 W snd/midiC2D0 len=12 f0 47 00 3a 52 00 04 34 38 7a 00 f7 
  335725.8 W snd/midiC2D0 len=3 b0 35 03 
  336079.8 W snd/midiC2D0 len=3 b0 35 00 
  336391.0 W snd/midiC2D0 len=6 b0 43 00 b0 43 03 
  336432.0 W snd/midiC2D0 len=3 b0 35 03 
  336437.0 W snd/midiC2D0 len=6 b0 43 00 b0 43 03 
  336786.0 W snd/midiC2D0 len=3 b0 35 00 
  336889.8 W snd/midiC2D0 len=6 b0 43 00 b0 43 03 
  337137.0 W snd/midiC2D0 len=3 b0 35 03 
  337490.9 W snd/midiC2D0 len=3 b0 35 00 
  337844.9 W snd/midiC2D0 len=3 b0 35 03 
  338195.8 W snd/midiC2D0 len=3 b0 35 00 
  338549.9 W snd/midiC2D0 len=3 b0 35 03 
  338835.1 W snd/midiC2D0 len=12 bf 02 7f bf 03 7f bf 06 45 bf 07 45 
  338837.9 W snd/midiC2D0 len=36 f0 47 7f 3a 65 00 04 00 00 7f 00 f7 f0 47 7f 3a 65 00 04 07 00 2a 11 f7 f0 47 7f 3a 65 00 04 0e 00 2a 11 f7 
  338901.9 W snd/midiC2D0 len=3 b0 35 00 
  338912.9 W snd/midiC2D0 len=6 bf 02 00 bf 03 00 
  338915.9 W snd/midiC2D0 len=36 f0 47 7f 3a 65 00 04 00 7f 00 00 f7 f0 47 7f 3a 65 00 04 07 7f 00 00 f7 f0 47 7f 3a 65 00 04 0e 7f 00 00 f7 
  338945.0 W snd/midiC2D0 len=12 bf 02 7f bf 03 7f bf 06 04 bf 07 04 
  338947.9 W snd/midiC2D0 len=36 f0 47 7f 3a 65 00 04 00 00 7f 00 f7 f0 47 7f 3a 65 00 04 07 00 2a 11 f7 f0 47 7f 3a 65 00 04 0e 00 2a 11 f7 
  339255.9 W snd/midiC2D0 len=3 b0 35 03 
  339562.9 W snd/midiC2D0 len=12 f0 47 00 3a 52 00 04 34 38 7a 00 f7 
  339609.9 W snd/midiC2D0 len=3 b0 35 00 
  339677.0 W snd/midiC2D0 len=6 bf 02 00 bf 03 00 
  339678.9 W snd/midiC2D0 len=36 f0 47 7f 3a 65 00 04 00 7f 00 00 f7 f0 47 7f 3a 65 00 04 07 7f 00 00 f7 f0 47 7f 3a 65 00 04 0e 7f 00 00 f7 
  339960.9 W snd/midiC2D0 len=3 b0 35 03 
  340314.7 W snd/midiC2D0 len=3 b0 35 00 
  340665.7 W snd/midiC2D0 len=3 b0 35 03 
  340858.0 W snd/midiC2D0 len=12 bf 02 7f bf 03 7f bf 06 22 bf 07 22 
  340860.8 W snd/midiC2D0 len=36 f0 47 7f 3a 65 00 04 00 00 7f 00 f7 f0 47 7f 3a 65 00 04 07 00 2a 11 f7 f0 47 7f 3a 65 00 04 0e 00 2a 11 f7 
  340872.0 W snd/midiC2D0 len=6 bf 02 00 bf 03 00 
  340874.7 W snd/midiC2D0 len=36 f0 47 7f 3a 65 00 04 00 7f 00 00 f7 f0 47 7f 3a 65 00 04 07 7f 00 00 f7 f0 47 7f 3a 65 00 04 0e 7f 00 00 f7 
  341019.8 W snd/midiC2D0 len=3 b0 35 00 
  341108.0 W snd/midiC2D0 len=12 bf 02 7f bf 03 7f bf 06 7f bf 07 7f 
  341109.9 W snd/midiC2D0 len=36 f0 47 7f 3a 65 00 04 00 00 7f 00 f7 f0 47 7f 3a 65 00 04 07 00 2a 11 f7 f0 47 7f 3a 65 00 04 0e 00 2a 11 f7 
  341141.9 W snd/midiC2D0 len=6 bf 02 00 bf 03 00 
  341144.7 W snd/midiC2D0 len=36 f0 47 7f 3a 65 00 04 00 7f 00 00 f7 f0 47 7f 3a 65 00 04 07 7f 00 00 f7 f0 47 7f 3a 65 00 04 0e 7f 00 00 f7 
  341374.8 W snd/midiC2D0 len=3 b0 35 03 
  341398.0 W snd/midiC2D0 len=6 bf 02 7f bf 03 7f 
  341400.8 W snd/midiC2D0 len=36 f0 47 7f 3a 65 00 04 00 00 7f 00 f7 f0 47 7f 3a 65 00 04 07 00 2a 11 f7 f0 47 7f 3a 65 00 04 0e 00 2a 11 f7 
  341433.0 W snd/midiC2D0 len=6 bf 02 00 bf 03 00 
  341435.9 W snd/midiC2D0 len=36 f0 47 7f 3a 65 00 04 00 7f 00 00 f7 f0 47 7f 3a 65 00 04 07 7f 00 00 f7 f0 47 7f 3a 65 00 04 0e 7f 00 00 f7 
  341707.9 W snd/midiC2D0 len=6 bf 02 7f bf 03 7f 
  341710.7 W snd/midiC2D0 len=36 f0 47 7f 3a 65 00 04 00 00 7f 00 f7 f0 47 7f 3a 65 00 04 07 00 2a 11 f7 f0 47 7f 3a 65 00 04 0e 00 2a 11 f7 
  341725.8 W snd/midiC2D0 len=3 b0 35 00 
  341752.0 W snd/midiC2D0 len=6 bf 02 00 bf 03 00 
  341754.8 W snd/midiC2D0 len=36 f0 47 7f 3a 65 00 04 00 7f 00 00 f7 f0 47 7f 3a 65 00 04 07 7f 00 00 f7 f0 47 7f 3a 65 00 04 0e 7f 00 00 f7 
  342007.0 W snd/midiC2D0 len=6 bf 02 7f bf 03 7f 
  342009.8 W snd/midiC2D0 len=36 f0 47 7f 3a 65 00 04 00 00 7f 00 f7 f0 47 7f 3a 65 00 04 07 00 2a 11 f7 f0 47 7f 3a 65 00 04 0e 00 2a 11 f7 
  342062.0 W snd/midiC2D0 len=6 bf 02 00 bf 03 00 
  342064.8 W snd/midiC2D0 len=36 f0 47 7f 3a 65 00 04 00 7f 00 00 f7 f0 47 7f 3a 65 00 04 07 7f 00 00 f7 f0 47 7f 3a 65 00 04 0e 7f 00 00 f7 
  342079.8 W snd/midiC2D0 len=3 b0 35 03 
  342338.0 W snd/midiC2D0 len=6 bf 02 7f bf 03 7f 
  342340.8 W snd/midiC2D0 len=36 f0 47 7f 3a 65 00 04 00 00 7f 00 f7 f0 47 7f 3a 65 00 04 07 00 2a 11 f7 f0 47 7f 3a 65 00 04 0e 00 2a 11 f7 
  342417.0 W snd/midiC2D0 len=6 bf 02 00 bf 03 00 
  342418.8 W snd/midiC2D0 len=36 f0 47 7f 3a 65 00 04 00 7f 00 00 f7 f0 47 7f 3a 65 00 04 07 7f 00 00 f7 f0 47 7f 3a 65 00 04 0e 7f 00 00 f7 
  342430.8 W snd/midiC2D0 len=3 b0 35 00 
  342784.7 W snd/midiC2D0 len=3 b0 35 03 
  343138.8 W snd/midiC2D0 len=3 b0 35 00 
  343489.8 W snd/midiC2D0 len=3 b0 35 03 
  343565.8 W snd/midiC2D0 len=12 f0 47 00 3a 52 00 04 34 38 7a 00 f7 
  343844.8 W snd/midiC2D0 len=3 b0 35 00 
  344195.8 W snd/midiC2D0 len=3 b0 35 03 
  344549.8 W snd/midiC2D0 len=3 b0 35 00 
  344903.8 W snd/midiC2D0 len=3 b0 35 03 
  345254.6 W snd/midiC2D0 len=3 b0 35 00 
  345608.7 W snd/midiC2D0 len=3 b0 35 03 
  345960.8 W snd/midiC2D0 len=3 b0 35 00 
  346314.8 W snd/midiC2D0 len=3 b0 35 03 
  346668.8 W snd/midiC2D0 len=3 b0 35 00 
  347019.8 W snd/midiC2D0 len=3 b0 35 03 
  347373.7 W snd/midiC2D0 len=3 b0 35 00 
  347565.8 W snd/midiC2D0 len=12 f0 47 00 3a 52 00 04 34 38 7a 00 f7 
  347724.6 W snd/midiC2D0 len=3 b0 35 03 
  348078.8 W snd/midiC2D0 len=3 b0 35 00 
  348433.7 W snd/midiC2D0 len=3 b0 35 03 
  348784.7 W snd/midiC2D0 len=3 b0 35 00 
  349138.8 W snd/midiC2D0 len=3 b0 35 03 
  349489.8 W snd/midiC2D0 len=3 b0 35 00 
  349843.6 W snd/midiC2D0 len=3 b0 35 03 
  350197.6 W snd/midiC2D0 len=3 b0 35 00 
  350548.7 W snd/midiC2D0 len=3 b0 35 03 
  350903.8 W snd/midiC2D0 len=3 b0 35 00 
  351254.7 W snd/midiC2D0 len=3 b0 35 03 
  351564.6 W snd/midiC2D0 len=12 f0 47 00 3a 52 00 04 34 38 7a 00 f7 
  351608.7 W snd/midiC2D0 len=3 b0 35 00 
  351962.7 W snd/midiC2D0 len=3 b0 35 03 
  352313.6 W snd/midiC2D0 len=3 b0 35 00 
  352667.6 W snd/midiC2D0 len=3 b0 35 03 
  353019.7 W snd/midiC2D0 len=3 b0 35 00 
  353373.7 W snd/midiC2D0 len=3 b0 35 03 
  353727.7 W snd/midiC2D0 len=3 b0 35 00 
  354078.7 W snd/midiC2D0 len=3 b0 35 03 
  354432.7 W snd/midiC2D0 len=3 b0 35 00 
  354783.6 W snd/midiC2D0 len=3 b0 35 03 
  355137.7 W snd/midiC2D0 len=3 b0 35 00 
  355491.8 W snd/midiC2D0 len=3 b0 35 03 
  355564.7 W snd/midiC2D0 len=12 f0 47 00 3a 52 00 04 34 38 7a 00 f7 
  355843.7 W snd/midiC2D0 len=3 b0 35 00 
  356197.7 W snd/midiC2D0 len=3 b0 35 03 
  356548.7 W snd/midiC2D0 len=3 b0 35 00 
  356902.6 W snd/midiC2D0 len=3 b0 35 03 
  357256.6 W snd/midiC2D0 len=3 b0 35 00 
  357607.7 W snd/midiC2D0 len=3 b0 35 03 
  357962.7 W snd/midiC2D0 len=3 b0 35 00 
  358313.7 W snd/midiC2D0 len=3 b0 35 03 
  358667.7 W snd/midiC2D0 len=3 b0 35 00 
  359021.7 W snd/midiC2D0 len=3 b0 35 03 
  359372.6 W snd/midiC2D0 len=3 b0 35 00 
  359564.7 W snd/midiC2D0 len=12 f0 47 00 3a 52 00 04 34 38 7a 00 f7 
  359726.6 W snd/midiC2D0 len=3 b0 35 03 
  360077.7 W snd/midiC2D0 len=3 b0 35 00 
  360432.7 W snd/midiC2D0 len=3 b0 35 03 
  360786.7 W snd/midiC2D0 len=3 b0 35 00 
  361137.7 W snd/midiC2D0 len=3 b0 35 03 
  361491.7 W snd/midiC2D0 len=3 b0 35 00 
  361842.6 W snd/midiC2D0 len=3 b0 35 03 
  362196.6 W snd/midiC2D0 len=3 b0 35 00 
  362550.7 W snd/midiC2D0 len=3 b0 35 03 
  362902.7 W snd/midiC2D0 len=3 b0 35 00 
  363256.7 W snd/midiC2D0 len=3 b0 35 03 
  363563.7 W snd/midiC2D0 len=12 f0 47 00 3a 52 00 04 34 38 7a 00 f7 
  363607.7 W snd/midiC2D0 len=3 b0 35 00 
  363961.7 W snd/midiC2D0 len=3 b0 35 03 
  364312.5 W snd/midiC2D0 len=3 b0 35 00 
  364666.7 W snd/midiC2D0 len=3 b0 35 03 
  365021.6 W snd/midiC2D0 len=3 b0 35 00 
  365372.6 W snd/midiC2D0 len=3 b0 35 03 
  365726.6 W snd/midiC2D0 len=3 b0 35 00 
  366077.6 W snd/midiC2D0 len=3 b0 35 03 
  366431.5 W snd/midiC2D0 len=3 b0 35 00 
  366785.5 W snd/midiC2D0 len=3 b0 35 03 
  367136.6 W snd/midiC2D0 len=3 b0 35 00 
  367491.7 W snd/midiC2D0 len=3 b0 35 03 
  367563.5 W snd/midiC2D0 len=12 f0 47 00 3a 52 00 04 34 38 7a 00 f7 
  367842.6 W snd/midiC2D0 len=3 b0 35 00 
  368196.6 W snd/midiC2D0 len=3 b0 35 03 
  368550.6 W snd/midiC2D0 len=3 b0 35 00 
  368901.5 W snd/midiC2D0 len=3 b0 35 03 
  369255.5 W snd/midiC2D0 len=3 b0 35 00 
  369607.6 W snd/midiC2D0 len=3 b0 35 03 
  369961.6 W snd/midiC2D0 len=3 b0 35 00 
  370315.6 W snd/midiC2D0 len=3 b0 35 03 
  370666.6 W snd/midiC2D0 len=3 b0 35 00 
  371020.6 W snd/midiC2D0 len=3 b0 35 03 
  371371.5 W snd/midiC2D0 len=3 b0 35 00 
  371563.6 W snd/midiC2D0 len=12 f0 47 00 3a 52 00 04 34 38 7a 00 f7 
  371725.6 W snd/midiC2D0 len=3 b0 35 03 
  372079.6 W snd/midiC2D0 len=3 b0 35 00 
  372431.6 W snd/midiC2D0 len=3 b0 35 03 
  372785.6 W snd/midiC2D0 len=3 b0 35 00 
  373136.6 W snd/midiC2D0 len=3 b0 35 03 
  373490.6 W snd/midiC2D0 len=3 b0 35 00 
  373844.6 W snd/midiC2D0 len=3 b0 35 03 
  374195.6 W snd/midiC2D0 len=3 b0 35 00 
  374550.6 W snd/midiC2D0 len=3 b0 35 03 
  374901.6 W snd/midiC2D0 len=3 b0 35 00 
  375255.6 W snd/midiC2D0 len=3 b0 35 03 
  375563.6 W snd/midiC2D0 len=12 f0 47 00 3a 52 00 04 34 38 7a 00 f7 
  375609.6 W snd/midiC2D0 len=3 b0 35 00 
  375960.5 W snd/midiC2D0 len=3 b0 35 03 
  376314.5 W snd/midiC2D0 len=3 b0 35 00 
  376665.6 W snd/midiC2D0 len=3 b0 35 03 
  377020.6 W snd/midiC2D0 len=3 b0 35 00 
  377374.6 W snd/midiC2D0 len=3 b0 35 03 
  377725.6 W snd/midiC2D0 len=3 b0 35 00 
  378079.6 W snd/midiC2D0 len=3 b0 35 03 
  378430.4 W snd/midiC2D0 len=3 b0 35 00 
  378784.4 W snd/midiC2D0 len=3 b0 35 03 
  379138.6 W snd/midiC2D0 len=3 b0 35 00 
  379490.6 W snd/midiC2D0 len=3 b0 35 03 
  379565.4 W snd/midiC2D0 len=12 f0 47 00 3a 52 00 04 34 38 7a 00 f7 
  379844.5 W snd/midiC2D0 len=3 b0 35 00 
  380195.6 W snd/midiC2D0 len=3 b0 35 03 
  380549.6 W snd/midiC2D0 len=3 b0 35 00 
  380903.4 W snd/midiC2D0 len=3 b0 35 03 
  381254.6 W snd/midiC2D0 len=3 b0 35 00 
  381608.6 W snd/midiC2D0 len=3 b0 35 03 
  381960.5 W snd/midiC2D0 len=3 b0 35 00 
  382314.5 W snd/midiC2D0 len=3 b0 35 03 
  382668.6 W snd/midiC2D0 len=3 b0 35 00 
  383019.4 W snd/midiC2D0 len=3 b0 35 03 
  383373.4 W snd/midiC2D0 len=3 b0 35 00 
  383565.5 W snd/midiC2D0 len=12 f0 47 00 3a 52 00 04 34 38 7a 00 f7 
  383724.5 W snd/midiC2D0 len=3 b0 35 03 
  384079.5 W snd/midiC2D0 len=3 b0 35 00 
  384433.5 W snd/midiC2D0 len=3 b0 35 03 
  384784.5 W snd/midiC2D0 len=3 b0 35 00 
  385138.5 W snd/midiC2D0 len=3 b0 35 03 
  385489.4 W snd/midiC2D0 len=3 b0 35 00 
  385843.4 W snd/midiC2D0 len=3 b0 35 03 
  386197.6 W snd/midiC2D0 len=3 b0 35 00 
  386549.5 W snd/midiC2D0 len=3 b0 35 03 
  386903.5 W snd/midiC2D0 len=3 b0 35 00 
  387254.5 W snd/midiC2D0 len=3 b0 35 03 
  387564.5 W snd/midiC2D0 len=12 f0 47 00 3a 52 00 04 34 38 7a 00 f7 
  387608.5 W snd/midiC2D0 len=3 b0 35 00 
  387962.3 W snd/midiC2D0 len=3 b0 35 03 
  388313.4 W snd/midiC2D0 len=3 b0 35 00 
  388667.5 W snd/midiC2D0 len=3 b0 35 03 
  389019.5 W snd/midiC2D0 len=3 b0 35 00 
  389373.5 W snd/midiC2D0 len=3 b0 35 03 
  389727.5 W snd/midiC2D0 len=3 b0 35 00 
  390078.5 W snd/midiC2D0 len=3 b0 35 03 
  390432.4 W snd/midiC2D0 len=3 b0 35 00 
  390783.5 W snd/midiC2D0 len=3 b0 35 03 
  391138.4 W snd/midiC2D0 len=3 b0 35 00 
  391492.5 W snd/midiC2D0 len=3 b0 35 03 
  391564.3 W snd/midiC2D0 len=12 f0 47 00 3a 52 00 04 34 38 7a 00 f7 
  391843.4 W snd/midiC2D0 len=3 b0 35 00 
  392197.4 W snd/midiC2D0 len=3 b0 35 03 
  392548.3 W snd/midiC2D0 len=3 b0 35 00 
  392902.4 W snd/midiC2D0 len=3 b0 35 03 
  393256.4 W snd/midiC2D0 len=3 b0 35 00 
  393608.4 W snd/midiC2D0 len=3 b0 35 03 
  393962.5 W snd/midiC2D0 len=3 b0 35 00 
  394313.4 W snd/midiC2D0 len=3 b0 35 03 
  394667.4 W snd/midiC2D0 len=3 b0 35 00 
  395021.3 W snd/midiC2D0 len=3 b0 35 03 
  395372.3 W snd/midiC2D0 len=3 b0 35 00 
  395564.4 W snd/midiC2D0 len=12 f0 47 00 3a 52 00 04 34 38 7a 00 f7 
  395726.4 W snd/midiC2D0 len=3 b0 35 03 
  396078.4 W snd/midiC2D0 len=3 b0 35 00 
  396432.4 W snd/midiC2D0 len=3 b0 35 03 
  396786.4 W snd/midiC2D0 len=3 b0 35 00 
  397137.4 W snd/midiC2D0 len=3 b0 35 03 
  397491.3 W snd/midiC2D0 len=3 b0 35 00 
  397842.4 W snd/midiC2D0 len=3 b0 35 03 
  398196.4 W snd/midiC2D0 len=3 b0 35 00 
  398551.5 W snd/midiC2D0 len=3 b0 35 03 
  398902.4 W snd/midiC2D0 len=3 b0 35 00 
  399256.4 W snd/midiC2D0 len=3 b0 35 03 
  399564.4 W snd/midiC2D0 len=12 f0 47 00 3a 52 00 04 34 38 7a 00 f7 
  399607.3 W snd/midiC2D0 len=3 b0 35 00 
  399961.3 W snd/midiC2D0 len=3 b0 35 03 
  400315.3 W snd/midiC2D0 len=3 b0 35 00 
  400667.4 W snd/midiC2D0 len=3 b0 35 03 
  401021.4 W snd/midiC2D0 len=3 b0 35 00 
  401372.4 W snd/midiC2D0 len=3 b0 35 03 
  401726.4 W snd/midiC2D0 len=3 b0 35 00 
  402080.4 W snd/midiC2D0 len=3 b0 35 03 
  402431.2 W snd/midiC2D0 len=3 b0 35 00 
  402785.4 W snd/midiC2D0 len=3 b0 35 03 
  403137.4 W snd/midiC2D0 len=3 b0 35 00 
  403491.3 W snd/midiC2D0 len=3 b0 35 03 
  403566.2 W snd/midiC2D0 len=12 f0 47 00 3a 52 00 04 34 38 7a 00 f7 
  403845.4 W snd/midiC2D0 len=3 b0 35 00 
  404196.3 W snd/midiC2D0 len=3 b0 35 03 
  404550.3 W snd/midiC2D0 len=3 b0 35 00 
  404901.2 W snd/midiC2D0 len=3 b0 35 03 
  405255.3 W snd/midiC2D0 len=3 b0 35 00 
  405610.3 W snd/midiC2D0 len=3 b0 35 03 
  405961.3 W snd/midiC2D0 len=3 b0 35 00 
  406315.4 W snd/midiC2D0 len=3 b0 35 03 
  406666.3 W snd/midiC2D0 len=3 b0 35 00 
  407020.2 W snd/midiC2D0 len=3 b0 35 03 
  407374.3 W snd/midiC2D0 len=3 b0 35 00 
  407566.3 W snd/midiC2D0 len=12 f0 47 00 3a 52 00 04 34 38 7a 00 f7 
  407725.3 W snd/midiC2D0 len=3 b0 35 03 
  408080.3 W snd/midiC2D0 len=3 b0 35 00 
  408431.3 W snd/midiC2D0 len=3 b0 35 03 
  408785.3 W snd/midiC2D0 len=3 b0 35 00 
  409139.3 W snd/midiC2D0 len=3 b0 35 03 
  409490.2 W snd/midiC2D0 len=3 b0 35 00 
  409844.2 W snd/midiC2D0 len=3 b0 35 03 
  410196.3 W snd/midiC2D0 len=3 b0 35 00 
  410550.3 W snd/midiC2D0 len=3 b0 35 03 
  410904.3 W snd/midiC2D0 len=3 b0 35 00 
  411255.3 W snd/midiC2D0 len=3 b0 35 03 
  411566.3 W snd/midiC2D0 len=12 f0 47 00 3a 52 00 04 34 38 7a 00 f7 
  411609.3 W snd/midiC2D0 len=3 b0 35 00 
  411960.2 W snd/midiC2D0 len=3 b0 35 03 
  412314.3 W snd/midiC2D0 len=3 b0 35 00 
  412669.3 W snd/midiC2D0 len=3 b0 35 03 
  413020.3 W snd/midiC2D0 len=3 b0 35 00 
  413374.3 W snd/midiC2D0 len=3 b0 35 03 
  413725.3 W snd/midiC2D0 len=3 b0 35 00 
  414079.1 W snd/midiC2D0 len=3 b0 35 03 
  414433.1 W snd/midiC2D0 len=3 b0 35 00 
  414784.3 W snd/midiC2D0 len=3 b0 35 03 
  415139.2 W snd/midiC2D0 len=3 b0 35 00 
  415490.2 W snd/midiC2D0 len=3 b0 35 03 
  415565.1 W snd/midiC2D0 len=12 f0 47 00 3a 52 00 04 34 38 7a 00 f7 
  415844.3 W snd/midiC2D0 len=3 b0 35 00 
  416198.2 W snd/midiC2D0 len=3 b0 35 03 
  416549.1 W snd/midiC2D0 len=3 b0 35 00 
  416903.1 W snd/midiC2D0 len=3 b0 35 03 
  417255.2 W snd/midiC2D0 len=3 b0 35 00 
  417609.3 W snd/midiC2D0 len=3 b0 35 03 
  417963.2 W snd/midiC2D0 len=3 b0 35 00 
  418314.2 W snd/midiC2D0 len=3 b0 35 03 
  418668.2 W snd/midiC2D0 len=3 b0 35 00 
  419019.1 W snd/midiC2D0 len=3 b0 35 03 
  419373.2 W snd/midiC2D0 len=3 b0 35 00 
  419565.2 W snd/midiC2D0 len=12 f0 47 00 3a 52 00 04 34 38 7a 00 f7 
  419727.2 W snd/midiC2D0 len=3 b0 35 03 
  420079.2 W snd/midiC2D0 len=3 b0 35 00 
  420433.2 W snd/midiC2D0 len=3 b0 35 03 
  420784.2 W snd/midiC2D0 len=3 b0 35 00 
  421138.1 W snd/midiC2D0 len=3 b0 35 03 
  421492.1 W snd/midiC2D0 len=3 b0 35 00 
  421843.2 W snd/midiC2D0 len=3 b0 35 03 
  422198.2 W snd/midiC2D0 len=3 b0 35 00 
  422549.2 W snd/midiC2D0 len=3 b0 35 03 
  422903.2 W snd/midiC2D0 len=3 b0 35 00 
  423257.2 W snd/midiC2D0 len=3 b0 35 03 
  423565.2 W snd/midiC2D0 len=12 f0 47 00 3a 52 00 04 34 38 7a 00 f7 
  423608.1 W snd/midiC2D0 len=3 b0 35 00 
  423962.1 W snd/midiC2D0 len=3 b0 35 03 
  424313.2 W snd/midiC2D0 len=3 b0 35 00 
  424668.2 W snd/midiC2D0 len=3 b0 35 03 
  425022.2 W snd/midiC2D0 len=3 b0 35 00 
  425373.2 W snd/midiC2D0 len=3 b0 35 03 
  425727.2 W snd/midiC2D0 len=3 b0 35 00 
  426078.1 W snd/midiC2D0 len=3 b0 35 03 
  426432.0 W snd/midiC2D0 len=3 b0 35 00 
  426786.1 W snd/midiC2D0 len=3 b0 35 03 
  427138.1 W snd/midiC2D0 len=3 b0 35 00 
  427492.1 W snd/midiC2D0 len=3 b0 35 03 
  427564.0 W snd/midiC2D0 len=12 f0 47 00 3a 52 00 04 34 38 7a 00 f7 
  427843.1 W snd/midiC2D0 len=3 b0 35 00 
  428197.1 W snd/midiC2D0 len=3 b0 35 03 
  428551.0 W snd/midiC2D0 len=3 b0 35 00 
  428902.1 W snd/midiC2D0 len=3 b0 35 03 
  429257.1 W snd/midiC2D0 len=3 b0 35 00 
  429608.1 W snd/midiC2D0 len=3 b0 35 03 
  429962.1 W snd/midiC2D0 len=3 b0 35 00 
  430316.1 W snd/midiC2D0 len=3 b0 35 03 
  430667.0 W snd/midiC2D0 len=3 b0 35 00 
  431021.1 W snd/midiC2D0 len=3 b0 35 03 
  431372.1 W snd/midiC2D0 len=3 b0 35 00 
  431564.0 W snd/midiC2D0 len=12 f0 47 00 3a 52 00 04 34 38 7a 00 f7 
  431727.1 W snd/midiC2D0 len=3 b0 35 03 
  432081.1 W snd/midiC2D0 len=3 b0 35 00 
  432432.1 W snd/midiC2D0 len=3 b0 35 03 
  432786.1 W snd/midiC2D0 len=3 b0 35 00 
  433137.0 W snd/midiC2D0 len=3 b0 35 03 
  433491.0 W snd/midiC2D0 len=3 b0 35 00 
  433845.1 W snd/midiC2D0 len=3 b0 35 03 
  434197.1 W snd/midiC2D0 len=3 b0 35 00 
  434551.1 W snd/midiC2D0 len=3 b0 35 03 
  434902.1 W snd/midiC2D0 len=3 b0 35 00 
  435256.1 W snd/midiC2D0 len=3 b0 35 03 
  435564.1 W snd/midiC2D0 len=12 f0 47 00 3a 52 00 04 34 38 7a 00 f7 
  435610.1 W snd/midiC2D0 len=3 b0 35 00 
  435961.2 W snd/midiC2D0 len=3 b0 35 03 
  436315.1 W snd/midiC2D0 len=3 b0 35 00 
  436667.0 W snd/midiC2D0 len=3 b0 35 03 
  437021.1 W snd/midiC2D0 len=3 b0 35 00 
  437375.0 W snd/midiC2D0 len=3 b0 35 03 
  437725.9 W snd/midiC2D0 len=3 b0 35 00 
  438079.9 W snd/midiC2D0 len=3 b0 35 03 
  438431.1 W snd/midiC2D0 len=3 b0 35 00 
  438786.0 W snd/midiC2D0 len=3 b0 35 03 
  439140.0 W snd/midiC2D0 len=3 b0 35 00 
  439491.0 W snd/midiC2D0 len=3 b0 35 03 
  439563.1 W snd/midiC2D0 len=12 f0 47 00 3a 52 00 04 34 38 7a 00 f7 
  439845.0 W snd/midiC2D0 len=3 b0 35 00 
  440195.9 W snd/midiC2D0 len=3 b0 35 03 
  440549.9 W snd/midiC2D0 len=3 b0 35 00 
  440904.0 W snd/midiC2D0 len=3 b0 35 03 
  441256.0 W snd/midiC2D0 len=3 b0 35 00 
  441610.0 W snd/midiC2D0 len=3 b0 35 03 
  441961.0 W snd/midiC2D0 len=3 b0 35 00 
  442315.0 W snd/midiC2D0 len=3 b0 35 03 
  442668.9 W snd/midiC2D0 len=3 b0 35 00 
  443019.9 W snd/midiC2D0 len=3 b0 35 03 
  443374.0 W snd/midiC2D0 len=3 b0 35 00 
  443566.0 W snd/midiC2D0 len=12 f0 47 00 3a 52 00 04 34 38 7a 00 f7 
  443726.0 W snd/midiC2D0 len=3 b0 35 03 
  444080.0 W snd/midiC2D0 len=3 b0 35 00 
  444434.0 W snd/midiC2D0 len=3 b0 35 03 
  444785.0 W snd/midiC2D0 len=3 b0 35 00 
  445138.8 W snd/midiC2D0 len=3 b0 35 03 
  445490.0 W snd/midiC2D0 len=3 b0 35 00 
  445844.0 W snd/midiC2D0 len=3 b0 35 03 
  446198.9 W snd/midiC2D0 len=3 b0 35 00 
  446550.0 W snd/midiC2D0 len=3 b0 35 03 
  446903.9 W snd/midiC2D0 len=3 b0 35 00 
  447254.8 W snd/midiC2D0 len=3 b0 35 03 
  447566.0 W snd/midiC2D0 len=12 f0 47 00 3a 52 00 04 34 38 7a 00 f7 
  447608.8 W snd/midiC2D0 len=3 b0 35 00 
  447962.8 W snd/midiC2D0 len=3 b0 35 03 
  448315.0 W snd/midiC2D0 len=3 b0 35 00 
  448668.9 W snd/midiC2D0 len=3 b0 35 03 
  449019.9 W snd/midiC2D0 len=3 b0 35 00 
  449373.9 W snd/midiC2D0 len=3 b0 35 03 
  449727.9 W snd/midiC2D0 len=3 b0 35 00 
  450078.8 W snd/midiC2D0 len=3 b0 35 03 
  450432.9 W snd/midiC2D0 len=3 b0 35 00 
  450784.9 W snd/midiC2D0 len=3 b0 35 03 
  451138.9 W snd/midiC2D0 len=3 b0 35 00 
  451492.9 W snd/midiC2D0 len=3 b0 35 03 
  451564.9 W snd/midiC2D0 len=12 f0 47 00 3a 52 00 04 34 38 7a 00 f7 
  451843.9 W snd/midiC2D0 len=3 b0 35 00 
  452197.8 W snd/midiC2D0 len=3 b0 35 03 
  452548.8 W snd/midiC2D0 len=3 b0 35 00 
  452902.9 W snd/midiC2D0 len=3 b0 35 03 
  453257.9 W snd/midiC2D0 len=3 b0 35 00 
  453608.9 W snd/midiC2D0 len=3 b0 35 03 
  453962.9 W snd/midiC2D0 len=3 b0 35 00 
  454313.9 W snd/midiC2D0 len=3 b0 35 03 
  454667.8 W snd/midiC2D0 len=3 b0 35 00 
  455021.7 W snd/midiC2D0 len=3 b0 35 03 
  455373.9 W snd/midiC2D0 len=3 b0 35 00 
  455564.9 W snd/midiC2D0 len=12 f0 47 00 3a 52 00 04 34 38 7a 00 f7 
  455727.8 W snd/midiC2D0 len=3 b0 35 03 
  456078.9 W snd/midiC2D0 len=3 b0 35 00 
  456432.8 W snd/midiC2D0 len=3 b0 35 03 
  456786.9 W snd/midiC2D0 len=3 b0 35 00 
  457137.7 W snd/midiC2D0 len=3 b0 35 03 
  457491.8 W snd/midiC2D0 len=3 b0 35 00 
  457843.8 W snd/midiC2D0 len=3 b0 35 03 
  458197.8 W snd/midiC2D0 len=3 b0 35 00 
  458551.8 W snd/midiC2D0 len=3 b0 35 03 
  458902.8 W snd/midiC2D0 len=3 b0 35 00 
  459256.8 W snd/midiC2D0 len=3 b0 35 03 
  459564.8 W snd/midiC2D0 len=12 f0 47 00 3a 52 00 04 34 38 7a 00 f7 
  459607.8 W snd/midiC2D0 len=3 b0 35 00 
  459961.8 W snd/midiC2D0 len=3 b0 35 03 
  460313.8 W snd/midiC2D0 len=3 b0 35 00 
  460667.8 W snd/midiC2D0 len=3 b0 35 03 
  461021.8 W snd/midiC2D0 len=3 b0 35 00 
  461372.8 W snd/midiC2D0 len=3 b0 35 03 
  461726.7 W snd/midiC2D0 len=3 b0 35 00 
  462077.8 W snd/midiC2D0 len=3 b0 35 03 
  462431.8 W snd/midiC2D0 len=3 b0 35 00 
  462786.8 W snd/midiC2D0 len=3 b0 35 03 
  463137.8 W snd/midiC2D0 len=3 b0 35 00 
  463491.8 W snd/midiC2D0 len=3 b0 35 03 
  463563.8 W snd/midiC2D0 len=12 f0 47 00 3a 52 00 04 34 38 7a 00 f7 
  463842.6 W snd/midiC2D0 len=3 b0 35 00 
  464196.6 W snd/midiC2D0 len=3 b0 35 03 
  464550.6 W snd/midiC2D0 len=3 b0 35 00 
  464902.8 W snd/midiC2D0 len=3 b0 35 03 
  465256.7 W snd/midiC2D0 len=3 b0 35 00 
  465607.8 W snd/midiC2D0 len=3 b0 35 03 
  465961.7 W snd/midiC2D0 len=3 b0 35 00 
  466315.8 W snd/midiC2D0 len=3 b0 35 03 
  466666.6 W snd/midiC2D0 len=3 b0 35 00 
  467020.8 W snd/midiC2D0 len=3 b0 35 03 
  467372.7 W snd/midiC2D0 len=3 b0 35 00 
  467563.6 W snd/midiC2D0 len=12 f0 47 00 3a 52 00 04 34 38 7a 00 f7 
  467726.7 W snd/midiC2D0 len=3 b0 35 03 
  468080.7 W snd/midiC2D0 len=3 b0 35 00 
